******************************************************************************
               TMS320C6x Linker PC v7.3.23                     
******************************************************************************
>> Linked Thu Mar 06 16:17:35 2025

OUTPUT FILE NAME:   <Lab3.out>
ENTRY POINT SYMBOL: "_c_int00"  address: 1180dd40


MEMORY CONFIGURATION

         name            origin    length      used     unused   attr    fill
----------------------  --------  ---------  --------  --------  ----  --------
  IRAM                  11800000   00040000  00013d2d  0002c2d3  RWIX
  CACHE_L1P             11e00000   00008000  00000000  00008000  RWIX
  CACHE_L1D             11f00000   00008000  00000000  00008000  RWIX
  L3_CBA_RAM            80000000   00020000  00000000  00020000  RWIX
  DDR                   c3000000   01000000  00000000  01000000  RWIX


SECTION ALLOCATION MAP

 output                                  attributes/
section   page    origin      length       input sections
--------  ----  ----------  ----------   ----------------
.vers      0    00000000    0000003c     COPY SECTION
                  00000000    0000003c     hellocfg.obj (.vers)

.prd       0    11800000    00000000     UNINITIALIZED

.data      0    11800000    00000000     UNINITIALIZED

.text      0    11800000    000076e0     
                  11800000    00000c20     evmc6748_bsl.lib : evmc6748.obj (.text)
                  11800c20    00000620     framework.obj (.text)
                  11801240    000005a0     rts6740.lib : divd.obj (.text:__divd)
                  118017e0    00000580                 : _printfi.obj (.text:__getarg_diouxp)
                  11801d60    00000540                 : _printfi.obj (.text:__setfield)
                  118022a0    000004e0     evmc6748_bsl.lib : evmc6748_i2c_gpio.obj (.text)
                  11802780    00000440     rts6740.lib : _printfi.obj (.text:__printfi)
                  11802bc0    00000380     evmc6748_bsl.lib : evmc6748_gpio.obj (.text)
                  11802f40    00000380                      : evmc6748_i2c.obj (.text)
                  118032c0    00000300     rts6740.lib : fputs.obj (.text:_fputs)
                  118035c0    000002c0                 : _printfi.obj (.text:__pproc_fge)
                  11803880    000002c0                 : _printfi.obj (.text:__pproc_fwp)
                  11803b40    000002a0                 : _printfi.obj (.text:_ecvt)
                  11803de0    000002a0                 : _printfi.obj (.text:_fcvt)
                  11804080    00000260                 : imath64.obj (.text:__divull)
                  118042e0    00000260                 : _printfi.obj (.text:__pconv_e)
                  11804540    00000240                 : _printfi.obj (.text:__pproc_diouxp)
                  11804780    00000220                 : _printfi.obj (.text:__pproc_str)
                  118049a0    00000200                 : _printfi.obj (.text:__pconv_g)
                  11804ba0    000001e0     evmc6748_bsl.lib : evmc6748_led.obj (.text)
                  11804d80    000001c0     rts6740.lib : _printfi.obj (.text:__mcpy)
                  11804f40    000001a0                 : imath40.obj (.text:__divul)
                  118050e0    00000180                 : trgdrv.obj (.text:_HOSTrename)
                  11805260    00000180                 : setvbuf.obj (.text:_setvbuf)
                  118053e0    00000160     evmc6748_bsl.lib : evmc6748_dip.obj (.text)
                  11805540    00000140     rts6740.lib : _printfi.obj (.text:__pproc_fflags)
                  11805680    00000140                 : fputc.obj (.text:_fputc)
                  118057c0    00000140                 : lowlev.obj (.text:_getdevice)
                  11805900    00000120                 : fclose.obj (.text:_fclose)
                  11805a20    00000100                 : trgdrv.obj (.text:_HOSTlseek)
                  11805b20    00000100                 : _printfi.obj (.text:__ltostr)
                  11805c20    00000100                 : _io_perm.obj (.text:__wrt_ok)
                  11805d20    00000100                 : sinit.obj (.text:_call_dtors)
                  11805e20    000000e0                 : trgdrv.obj (.text:_HOSTopen)
                  11805f00    000000e0                 : trgdrv.obj (.text:_HOSTread)
                  11805fe0    000000e0                 : atoi.obj (.text:_atoi)
                  118060c0    000000e0                 : lowlev.obj (.text:_close)
                  118061a0    000000e0                 : memset.obj (.text:_memset)
                  11806280    000000c0                 : trgdrv.obj (.text:_HOSTunlink)
                  11806340    000000c0                 : trgdrv.obj (.text:_HOSTwrite)
                  11806400    000000c0                 : fopen.obj (.text:__cleanup)
                  118064c0    000000c0                 : _printfi.obj (.text:__div)
                  11806580    000000c0                 : divu.obj (.text:__divu)
                  11806640    000000c0                 : fflush.obj (.text:__doflush)
                  11806700    000000c0                 : atexit.obj (.text:_atexit)
                  118067c0    000000c0                 : fseek.obj (.text:_fseek)
                  11806880    000000c0                 : lowlev.obj (.text:_lseek)
                  11806940    000000c0                 : ltoa.obj (.text:_ltoa)
                  11806a00    000000c0                 : lowlev.obj (.text:_write)
                  11806ac0    000000c0     bios.a674 : tsk_stup.o674 (.text)
                  11806b80    000000a0     rts6740.lib : trgdrv.obj (.text:_HOSTclose)
                  11806c20    000000a0                 : imath40.obj (.text:__divli)
                  11806cc0    000000a0                 : _printfi.obj (.text:__ecpy)
                  11806d60    000000a0                 : _printfi.obj (.text:__fcpy)
                  11806e00    000000a0                 : fixdli.obj (.text:__fixdli)
                  11806ea0    000000a0                 : _printfi.obj (.text:__pconv_f)
                  11806f40    000000a0                 : lowlev.obj (.text:_finddevice)
                  11806fe0    000000a0                 : memcpy64.obj (.text:_memcpy)
                  11807080    00000080                 : fltlid.obj (.text:__fltlid)
                  11807100    00000080                 : llshift.obj (.text:__llshl)
                  11807180    00000080                 : printf.obj (.text:_printf)
                  11807200    00000080                 : trgmsg.obj (.text:_readmsg)
                  11807280    00000080                 : lowlev.obj (.text:_unlink)
                  11807300    00000060                 : imath64.obj (.text:__subcull)
                  11807360    00000060                 : memccpy.obj (.text:_memccpy)
                  118073c0    00000060                 : trgmsg.obj (.text:_writemsg)
                  11807420    00000060     hello.obj (.text)
                  11807480    00000040     rts6740.lib : sinit.obj (.text:___add_dtor)
                  118074c0    00000040                 : isinf.obj (.text:___isinf)
                  11807500    00000040                 : _printfi.obj (.text:___isnan)
                  11807540    00000040                 : frcmpyd_div.obj (.text:__frcmpyd_div)
                  11807580    00000040                 : llshift.obj (.text:__llshru)
                  118075c0    00000040                 : imath40.obj (.text:__remli)
                  11807600    00000020                 : negll.obj (.text:__negll)
                  11807620    00000020                 : _lock.obj (.text:__nop)
                  11807640    00000020                 : printf.obj (.text:__outc)
                  11807660    00000020                 : printf.obj (.text:__outs)
                  11807680    00000020                 : _lock.obj (.text:__register_lock)
                  118076a0    00000020                 : _lock.obj (.text:__register_unlock)
                  118076c0    00000020                 : remove.obj (.text:_remove)

.bios      0    118076e0    000042e0     
                  118076e0    000005c0     lnkrtdx.a674 : rtdx.o674 (.bios)
                  11807ca0    00000580     bios.a674 : exc.o674 (.bios)
                  11808220    000004e0               : hwi_disp_asm.o674 (.bios)
                  11808700    000004c0               : swi.o674 (.bios)
                  11808bc0    00000380               : prd.o674 (.bios)
                  11808f40    00000280               : malloc.o674 (.bios)
                  118091c0    00000280               : rta.o674 (.bios)
                  11809440    00000240               : knl_run.o674 (.bios)
                  11809680    00000200               : mem_allo.o674 (.bios:.near)
                  11809880    00000200               : knl_tick.o674 (.bios)
                  11809a80    000001e0               : mem_free.o674 (.bios:.near)
                  11809c60    000001e0               : exc_asm.o674 (.bios)
                  11809e40    000001e0               : pip.o674 (.bios)
                  1180a020    000001e0               : sem_pend.o674 (.bios)
                  1180a200    000001a0               : sem_dopo.o674 (.bios)
                  1180a3a0    000001a0               : tsk_setu.o674 (.bios)
                  1180a540    000001a0     bios6748.a674 : clk.o674 (.bios)
                  1180a6e0    00000180     bios.a674 : knl_swit.o674 (.bios)
                  1180a860    00000140               : autoinit.o674 (.bios)
                  1180a9a0    00000140               : tsk_exit.o674 (.bios)
                  1180aae0    00000140     bios6748.a674 : bcache_init.o674 (.bios)
                  1180ac20    00000120     bios.a674 : gbl_cacheinit64P.o674 (.bios)
                  1180ad40    00000120               : knl_chec.o674 (.bios)
                  1180ae60    00000120               : tsk_stup.o674 (.bios)
                  1180af80    000000e0               : sem_post_asm.o674 (.bios)
                  1180b060    000000c0               : knl_exit.o674 (.bios)
                  1180b120    000000a0               : sem_post.o674 (.bios)
                  1180b1c0    000000a0               : sys_exit.o674 (.bios)
                  1180b260    00000080               : knl_ipos.o674 (.bios)
                  1180b2e0    00000080               : knl_post.o674 (.bios)
                  1180b360    00000080               : lck.o674 (.bios)
                  1180b3e0    00000080               : log.o674 (.bios)
                  1180b460    00000080     bios6748.a674 : idl_cal.o674 (.bios)
                  1180b4e0    00000060     bios.a674 : sys_erro.o674 (.bios:.near)
                  1180b540    00000060               : fxn.o674 (.bios)
                  1180b5a0    00000060               : hwi_c.o674 (.bios)
                  1180b600    00000060               : idl_busy.o674 (.bios)
                  1180b660    00000060               : sem_pend_counting.o674 (.bios)
                  1180b6c0    00000060               : sts.o674 (.bios)
                  1180b720    00000060               : sys_abor.o674 (.bios)
                  1180b780    00000060     bios6748.a674 : clk_meas.o674 (.bios)
                  1180b7e0    00000040     bios.a674 : idl_stub.o674 (.bios)
                  1180b820    00000040               : rta_andn.o674 (.bios)
                  1180b860    00000040               : utl_doab.o674 (.bios)
                  1180b8a0    00000040               : utl_putc.o674 (.bios)
                  1180b8e0    00000020               : fxn_c.o674 (.bios)
                  1180b900    00000020               : gbl_vers.o674 (.bios)
                  1180b920    00000020               : idl.o674 (.bios)
                  1180b940    00000020               : sts_set.o674 (.bios)
                  1180b960    00000020               : utl_doer.o674 (.bios)
                  1180b980    00000020               : utl_halt.o674 (.bios)
                  1180b9a0    00000020     bios6748.a674 : clk_gethtime.o674 (.bios)

.IRAM$heap 
*          0    1180b9c0    00002000     UNINITIALIZED
                  1180b9c0    00002000     --HOLE--

.sysinit   0    1180d9c0    00000560     
                  1180d9c0    00000380     hellocfg.obj (.sysinit)
                  1180dd40    000000c0     bios.a674 : boot.o674 (.sysinit)
                  1180de00    000000c0               : mem_init.o674 (.sysinit)
                  1180dec0    00000060               : tsk_init.o674 (.sysinit)

.pip       0    1180df20    000000c8     UNINITIALIZED
                  1180df20    000000c8     hellocfg.obj (.pip)

.hst1      0    1180dfe8    00000010     UNINITIALIZED
                  1180dfe8    00000010     hellocfg.obj (.hst1)

.clk       0    1180dff8    00000008     UNINITIALIZED
                  1180dff8    00000008     hellocfg.obj (.clk)

.trace$buf 
*          0    1180e000    00001000     UNINITIALIZED
                  1180e000    00001000     hellocfg.obj (.trace$buf)

.rtdx_text 
*          0    1180f000    00000fc0     
                  1180f000    000002a0     rtdx64xplus.lib : rtdx_mon.o64P (.rtdx_text:_HSRTDX_rec)
                  1180f2a0    00000260                     : buffer1.o64P (.rtdx_text:_RTDX_Buffer_WriteCB)
                  1180f500    00000260                     : buffer1.o64P (.rtdx_text:_RTDX_write_next)
                  1180f760    000001a0                     : rtdx_mon.o64P (.rtdx_text:_HSRTDX_xmt)
                  1180f900    00000160                     : rtdx_mon.o64P (.rtdx_text:_RTDX_Send_To_Host)
                  1180fa60    000000e0                     : rtdx_mon.o64P (.rtdx_text:_RTDX_Mon_Queue)
                  1180fb40    000000e0                     : buffer1.o64P (.rtdx_text:_claim)
                  1180fc20    000000a0                     : rtdx_mon.o64P (.rtdx_text:_RTDX_GetH2THeader)
                  1180fcc0    000000a0                     : rtdx_mon.o64P (.rtdx_text:_RTDX_Poll)
                  1180fd60    00000080                     : rtdx_mon.o64P (.rtdx_text:_RTDX_Final_RT_Monitor)
                  1180fde0    00000060                     : buffer1.o64P (.rtdx_text:_RTDX_Buffer_Initialize)
                  1180fe40    00000060                     : rtdx_mon.o64P (.rtdx_text:_RTDX_Init_RT_Monitor)
                  1180fea0    00000040                     : buffer2.o64P (.rtdx_text:_RTDX_Buffer_ReadCB)
                  1180fee0    00000040                     : buffer1.o64P (.rtdx_text:_RTDX_Buffer_Size)
                  1180ff20    00000040                     : memfill.o64P (.rtdx_text:_RTDX_memfill)
                  1180ff60    00000020                     : buffer2.o64P (.rtdx_text:_RTDX_Buffer_Read)
                  1180ff80    00000020                     : buffer1.o64P (.rtdx_text:_RTDX_Buffer_Write)
                  1180ffa0    00000020                     : intr_tgt.o64P (.rtdx_text)

.cinit     0    1180ffc0    00000fbc     
                  1180ffc0    0000060c     hellocfg.obj (.cinit)
                  118105cc    00000004     --HOLE-- [fill = 0]
                  118105d0    0000026c     bios.a674 : biosdata.o674 (.cinit)
                  1181083c    00000004     --HOLE-- [fill = 0]
                  11810840    000001a4               : knl.o674 (.cinit)
                  118109e4    00000004     --HOLE-- [fill = 0]
                  118109e8    000000b0               : swi.o674 (.cinit)
                  11810a98    00000080               : tsk.o674 (.cinit)
                  11810b18    00000068     rtdx64xplus.lib : rtdx_mon.o64P (.cinit)
                  11810b80    00000060     bios.a674 : tsk_stup.o674 (.cinit)
                  11810be0    0000005c     lnkrtdx.a674 : rtdx.o674 (.cinit)
                  11810c3c    00000004     --HOLE-- [fill = 0]
                  11810c40    0000005c     rts6740.lib : defs.obj (.cinit)
                  11810c9c    00000004     --HOLE-- [fill = 0]
                  11810ca0    0000005c                 : lowlev.obj (.cinit)
                  11810cfc    00000004     --HOLE-- [fill = 0]
                  11810d00    0000004c     bios.a674 : rta.o674 (.cinit)
                  11810d4c    00000004     --HOLE-- [fill = 0]
                  11810d50    0000004c     rtdx64xplus.lib : buffer1.o64P (.cinit)
                  11810d9c    00000004     --HOLE-- [fill = 0]
                  11810da0    0000003c     bios.a674 : exc.o674 (.cinit)
                  11810ddc    00000004     --HOLE-- [fill = 0]
                  11810de0    00000034               : hwi.o674 (.cinit)
                  11810e14    00000004     --HOLE-- [fill = 0]
                  11810e18    0000002c               : utl_putc.o674 (.cinit)
                  11810e44    00000004     --HOLE-- [fill = 0]
                  11810e48    0000002c     rts6740.lib : exit.obj (.cinit)
                  11810e74    00000004     --HOLE-- [fill = 0]
                  11810e78    00000024     bios.a674 : obj_init.o674 (.cinit)
                  11810e9c    00000004     --HOLE-- [fill = 0]
                  11810ea0    0000001c               : exc_asm.o674 (.cinit)
                  11810ebc    00000004     --HOLE-- [fill = 0]
                  11810ec0    0000001c               : sys.o674 (.cinit)
                  11810edc    00000004     --HOLE-- [fill = 0]
                  11810ee0    0000001c     rts6740.lib : _lock.obj (.cinit)
                  11810efc    00000004     --HOLE-- [fill = 0]
                  11810f00    0000001c                 : atexit.obj (.cinit)
                  11810f1c    00000004     --HOLE-- [fill = 0]
                  11810f20    00000018     bios.a674 : knl_tick.o674 (.cinit)
                  11810f38    0000000c               : idl_busy.o674 (.cinit)
                  11810f44    00000004     --HOLE-- [fill = 0]
                  11810f48    0000000c               : knl_swit.o674 (.cinit)
                  11810f54    00000004     --HOLE-- [fill = 0]
                  11810f58    0000000c     rts6740.lib : fopen.obj (.cinit)
                  11810f64    00000004     --HOLE-- [fill = 0]
                  11810f68    0000000c                 : sinit.obj (.cinit)
                  11810f74    00000004     --HOLE-- [fill = 0]
                  11810f78    00000004     (.pad.cinit) [fill = 0]

.args      0    11810f7c    00000004     
                  11810f7c    00000004     --HOLE-- [fill = 0]

.far       0    11810f80    000008f8     UNINITIALIZED
                  11810f80    00000324     rts6740.lib : defs.obj (.far)
                  118112a4    00000004     bios6748.a674 : clk_data.o674 (.far)
                  118112a8    00000188     rts6740.lib : atexit.obj (.far)
                  11811430    0000011c                 : lowlev.obj (.far)
                  1181154c    00000004                 : fopen.obj (.far)
                  11811550    000000d8     bios.a674 : knl.o674 (.far)
                  11811628    000000d0     rts6740.lib : trgdrv.obj (.far)
                  118116f8    0000005c     bios.a674 : tsk.o674 (.far)
                  11811754    00000004     rts6740.lib : sinit.obj (.far)
                  11811758    00000054     bios.a674 : obj_init.o674 (.far)
                  118117ac    00000050               : tsk_stup.o674 (.far)
                  118117fc    00000004     --HOLE--
                  11811800    00000020               : sys.o674 (.far)
                  11811820    00000018     rtdx64xplus.lib : rtdx_mon.o64P (.far)
                  11811838    00000010     bios.a674 : exc.o674 (.far)
                  11811848    00000010               : knl_tick.o674 (.far)
                  11811858    0000000c               : utl_putc.o674 (.far)
                  11811864    0000000c     rts6740.lib : exit.obj (.far)
                  11811870    00000008                 : _lock.obj (.far)

.mem       0    11811878    00000004     UNINITIALIZED
                  11811878    00000004     hellocfg.obj (.mem)

.rtdx_data 
*          0    11811880    000004f4     UNINITIALIZED
                  11811880    00000080     --HOLE--
                  11811900    00000410     hellocfg.obj (.rtdx_data)
                  11811d10    00000044     rtdx64xplus.lib : rtdx_mon.o64P (.rtdx_data)
                  11811d54    00000020                     : buffer1.o64P (.rtdx_data)

.trace     0    11811d74    00000200     
                  11811d74    00000200     --HOLE-- [fill = 00000000]

.tsk       0    11811f74    00000060     UNINITIALIZED
                  11811f74    00000060     hellocfg.obj (.tsk)

.swi       0    11811fd4    0000002c     UNINITIALIZED
                  11811fd4    0000002c     hellocfg.obj (.swi)

.LOG_system$buf 
*          0    11812000    00000800     UNINITIALIZED
                  11812000    00000800     hellocfg.obj (.LOG_system$buf)

.const     0    11812800    00000419     
                  11812800    00000193     bios.a674 : exc.o674 (.const:.string)
                  11812993    00000004               : mem_allo.o674 (.const:.string)
                  11812997    00000001     --HOLE-- [fill = 0]
                  11812998    00000101     rts6740.lib : ctype.obj (.const:.string:__ctypes_)
                  11812a99    00000004     bios.a674 : mem_free.o674 (.const:.string)
                  11812a9d    00000002     rts6740.lib : fputs.obj (.const:.string)
                  11812a9f    00000001     --HOLE-- [fill = 0]
                  11812aa0    00000080     evmc6748_bsl.lib : evmc6748.obj (.const:_bitval_u32)
                  11812b20    0000004e     bios.a674 : tsk_stup.o674 (.const:.string)
                  11812b6e    00000002     --HOLE-- [fill = 0]
                  11812b70    00000040     evmc6748_bsl.lib : evmc6748.obj (.const:.string)
                  11812bb0    00000023     bios.a674 : utl_doab.o674 (.const:.string)
                  11812bd3    00000023     rts6740.lib : _printfi.obj (.const:.string)
                  11812bf6    00000022     bios.a674 : utl_doer.o674 (.const:.string)
                  11812c18    00000001               : tsk.o674 (.const:.string)

.printf    0    11812c19    0000003f     COPY SECTION
                  11812c19    0000003f     hellocfg.obj (.printf)

.TSK_idle$stk 
*          0    11812c20    00000400     UNINITIALIZED
                  11812c20    00000400     hellocfg.obj (.TSK_idle$stk)

.stack     0    11813020    00000400     UNINITIALIZED
                  11813020    00000400     --HOLE--

.bss       0    11813420    00000384     UNINITIALIZED
                  11813420    00000100     bios.a674 : hwi_disp_asm.o674 (.bss)
                  11813520    000000cc               : biosdata.o674 (.bss)
                  118135ec    0000009c               : swi.o674 (.bss)
                  11813688    00000048               : knl.o674 (.bss)
                  118136d0    00000028     hellocfg.obj (.bss)
                  118136f8    00000020     bios.a674 : exc_asm.o674 (.bss)
                  11813718    00000018               : hwi.o674 (.bss)
                  11813730    00000018     lnkrtdx.a674 : rtdx.o674 (.bss)
                  11813748    00000010     bios.a674 : exc.o674 (.bss)
                  11813758    00000010     rtdx64xplus.lib : buffer1.o64P (.bss)
                  11813768    00000010                     : rtdx_mon.o64P (.bss)
                  11813778    0000000c     bios.a674 : tsk.o674 (.bss)
                  11813784    00000008               : clk_data.o674 (.bss)
                  1181378c    00000008               : sys.o674 (.bss)
                  11813794    00000004               : clk_data2.o674 (.bss)
                  11813798    00000004               : idl_busy.o674 (.bss)
                  1181379c    00000004               : mem_asm.o674 (.bss)
                  118137a0    00000004     evmc6748_bsl.lib : evmc6748_i2c.obj (.bss)

.gblinit   0    118137a4    0000004c     
                  118137a4    0000004c     hellocfg.obj (.gblinit)

.idl       0    118137f0    00000010     UNINITIALIZED
                  118137f0    00000010     hellocfg.obj (.idl)

.hwi_vec   0    11813800    00000200     
                  11813800    00000200     hellocfg.obj (.hwi_vec)

.cio       0    11813a00    00000120     UNINITIALIZED
                  11813a00    00000120     rts6740.lib : trgmsg.obj (.cio)

.hst0      0    11813b20    00000100     UNINITIALIZED
                  11813b20    00000100     hellocfg.obj (.hst0)

.switch    0    11813c20    00000044     
                  11813c20    00000024     evmc6748_bsl.lib : evmc6748_gpio.obj (.switch:_getRegisterBankAndBit)
                  11813c44    00000020                      : evmc6748_dip.obj (.switch:_convertDipToI2CGpio)

.hst       0    11813c64    0000003c     UNINITIALIZED
                  11813c64    0000003c     hellocfg.obj (.hst)

.log       0    11813ca0    00000030     
                  11813ca0    00000030     hellocfg.obj (.log)

.sts       0    11813cd0    00000030     
                  11813cd0    00000030     hellocfg.obj (.sts)

.idlcal    0    11813d00    00000010     UNINITIALIZED
                  11813d00    00000010     hellocfg.obj (.idlcal)

.sys       0    11813d10    00000010     UNINITIALIZED
                  11813d10    00000010     hellocfg.obj (.sys)

.pinit     0    11813d20    0000000c     
                  11813d20    00000004     rtdx64xplus.lib : buffer1.o64P (.pinit)
                  11813d24    00000004                     : rtdx_mon.o64P (.pinit)
                  11813d28    00000004     --HOLE-- [fill = 0]

.trcdata   0    11813d2c    0000000c     
                  11813d2c    0000000c     bios.a674 : trc.o674 (.trcdata)


GLOBAL SYMBOLS: SORTED ALPHABETICALLY BY Name 

address    name
--------   ----
11813420   $bss
11813420   .bss
11800000   .data
11800000   .text
1180db84   BIOS$$CLKOFF
1180db44   BIOS$$CLKON
1180d9c0   BIOS_init
1180dbf0   BIOS_start
00000000   BUF$
00000001   BUF_ENABLED
11807418   C$$IO$$
ffffffff   CACHE_L1D
ffffffff   CACHE_L1P
00000001   CLK$
1180dff8   CLK_A_TABBEG
00000001   CLK_CALDIV
00000001   CLK_CALMULT
000493e0   CLK_COUNTSPMS
00000004   CLK_COUNTSPMSHIGH
11813548   CLK_D_idletime
11813544   CLK_D_isrhook
11813540   CLK_D_tabbeg
1181353c   CLK_D_timefxn
00000001   CLK_ENABLEHTIME
1180b9a0   CLK_F_gethtime
1180a540   CLK_F_getltime
1180a550   CLK_F_isr
1180a690   CLK_F_itime
11808220   CLK_HOOKFXN
00000001   CLK_HTIMEDIV
00000001   CLK_HTIMEMULT
000493e0   CLK_HTIMEPERLTIME
00005dc0   CLK_INPUTCLK
00004000   CLK_INTBIT
00000001   CLK_LTIMEDIV
000493e0   CLK_LTIMEMULT
000003e8   CLK_MICROSECS
00000001   CLK_POWERENABLE
00005dc0   CLK_PRD
00000000   CLK_PRDHIGH
01c20000   CLK_REGS
00000001   CLK_RESETTIMER
11813538   CLK_R_time
00000020   CLK_TCR
00000000   CLK_TDDR
00000000   CLK_TDDRHIGH
1180b9a0   CLK_TIMEFXN
00000000   CLK_TIMERNUM
00000005   CLK_TIMMODE
00000001   CLK_USETIMER
1180dffc   CLK_null
ffffffff   DDR
00000000   DEV$
00000000   DGN$
00000000   DHL$
00000000   DHL_gChannelsAvailable
00000000   DIO$
00000000   DIO_NUMSWIBASE
00000000   DIO_NUMTSKBASE
00000000   DIO_STATIC
00000000   DPI$
00000000   ECM$
00000000   ECM_ENABLE
ffffffff   ECM_EVTMASK0
ffffffff   ECM_EVTMASK1
ffffffff   ECM_EVTMASK2
ffffffff   ECM_EVTMASK3
0000000a   EVENT10
00000064   EVENT100
00000065   EVENT101
00000066   EVENT102
00000067   EVENT103
00000068   EVENT104
00000069   EVENT105
0000006a   EVENT106
0000006b   EVENT107
0000006c   EVENT108
0000006d   EVENT109
0000000b   EVENT11
0000006e   EVENT110
0000006f   EVENT111
00000070   EVENT112
00000071   EVENT113
00000072   EVENT114
00000073   EVENT115
00000074   EVENT116
00000075   EVENT117
00000076   EVENT118
00000077   EVENT119
0000000c   EVENT12
00000078   EVENT120
00000079   EVENT121
0000007a   EVENT122
0000007b   EVENT123
0000007c   EVENT124
0000007d   EVENT125
0000007e   EVENT126
0000007f   EVENT127
0000000d   EVENT13
0000000e   EVENT14
0000000f   EVENT15
00000010   EVENT16
00000011   EVENT17
00000012   EVENT18
00000013   EVENT19
00000014   EVENT20
00000015   EVENT21
00000016   EVENT22
00000017   EVENT23
00000018   EVENT24
00000019   EVENT25
0000001a   EVENT26
0000001b   EVENT27
0000001c   EVENT28
0000001d   EVENT29
0000001e   EVENT30
0000001f   EVENT31
00000020   EVENT32
00000021   EVENT33
00000022   EVENT34
00000023   EVENT35
00000024   EVENT36
00000025   EVENT37
00000026   EVENT38
00000027   EVENT39
00000004   EVENT4
00000028   EVENT40
00000029   EVENT41
0000002a   EVENT42
0000002b   EVENT43
0000002c   EVENT44
0000002d   EVENT45
0000002e   EVENT46
0000002f   EVENT47
00000030   EVENT48
00000031   EVENT49
00000005   EVENT5
00000032   EVENT50
00000033   EVENT51
00000034   EVENT52
00000035   EVENT53
00000036   EVENT54
00000037   EVENT55
00000038   EVENT56
00000039   EVENT57
0000003a   EVENT58
0000003b   EVENT59
00000006   EVENT6
0000003c   EVENT60
0000003d   EVENT61
0000003e   EVENT62
0000003f   EVENT63
00000040   EVENT64
00000041   EVENT65
00000042   EVENT66
00000043   EVENT67
00000044   EVENT68
00000045   EVENT69
00000007   EVENT7
00000046   EVENT70
00000047   EVENT71
00000048   EVENT72
00000049   EVENT73
0000004a   EVENT74
0000004b   EVENT75
0000004c   EVENT76
0000004d   EVENT77
0000004e   EVENT78
0000004f   EVENT79
00000008   EVENT8
00000050   EVENT80
00000051   EVENT81
00000052   EVENT82
00000053   EVENT83
00000054   EVENT84
00000055   EVENT85
00000056   EVENT86
00000057   EVENT87
00000058   EVENT88
00000059   EVENT89
00000009   EVENT9
0000005a   EVENT90
0000005b   EVENT91
0000005c   EVENT92
0000005d   EVENT93
0000005e   EVENT94
0000005f   EVENT95
00000060   EVENT96
00000061   EVENT97
00000062   EVENT98
00000063   EVENT99
1180b540   FXN_F_nop
1180b544   FXN_F_run
1180b580   FXN_F_zero
00000001   GBL$
00005205   GBL_A_VERSION
00000000   GBL_BCACHEREADADDR0
00000000   GBL_BCACHEREADADDR1
00000000   GBL_BCACHEREADADDR2
00000000   GBL_BIGENDIAN
00000000   GBL_CACHE
00000000   GBL_CALLCSLCFGINIT
00004e20   GBL_CLKIN
00001a5b   GBL_CLKTYPE
00001a5c   GBL_DSPSUBTYPE
0000003e   GBL_DSPTYPE
00000001   GBL_ENABLEINST
00000000   GBL_ENABLE_SK
00000042   GBL_FOOTPRINT
000493e0   GBL_FREQ
00000000   GBL_GEMTRUECOMPEN
00000007   GBL_L1DMODE
00000007   GBL_L1PMODE
00000001   GBL_L2CONFIGURE
00000000   GBL_L2MAR0_31
00000001   GBL_L2MAR128_159
00000000   GBL_L2MAR160_191
ffffffff   GBL_L2MAR192_223
00000000   GBL_L2MAR224_255
00000000   GBL_L2MAR32_63
00000000   GBL_L2MAR64_95
00000000   GBL_L2MAR96_127
00000000   GBL_L2MODE
00000000   GBL_NULL
00000000   GBL_PROCID
00000000   GBL_ROM
00000000   GBL_SUPPORTCSL
0000dbef   GBL_TRCMASKVALUE
00000000   GBL_USERINIT
1180b8e0   GBL_USERINITFXN
00000001   GBL_boot
11813d34   GBL_initdone
11813020   GBL_stackbeg
1181341f   GBL_stackend
00000000   GIO$
1180b8e0   GIO_CREATEFXN
1180b8e0   GIO_DELETEFXN
1180b8e0   GIO_PENDFXN
1180b8e0   GIO_POSTFXN
00000000   HOOK$
00000000   HOOK_KNLID
00000001   HST$
11813c64   HST_A_TABBEG
11813ca0   HST_A_TABEND
00000000   HST_DSM
118136dc   HST_DSMBUFSEG
00000400   HST_DSMMEMSIZE
118135b4   HST_D_chanmask
118135b8   HST_D_tabbeg
118135bc   HST_D_tabend
000000ff   HST_MAXFRAMEALLOWED
00000040   HST_MAXFRAMESET
00000000   HST_NONE
00000001   HST_RTDX
00000001   HWI$
11813800   HWI_A_VECS
00005828   HWI_CFGDISPATCHED
11813728   HWI_D_bss
1181372c   HWI_D_ccmask
11813718   HWI_D_spsave
00000001   HWI_ENABLE_EXC
11808220   HWI_F_dispatch
00000000   HWI_GENERATE_RESET_VEC
0000000a   HWI_INT10
00000000   HWI_INT10$hwi
0000000b   HWI_INT11
00000000   HWI_INT11$hwi
0000000c   HWI_INT12
00000000   HWI_INT12$hwi
0000000d   HWI_INT13
00000000   HWI_INT13$hwi
0000000e   HWI_INT14
00000000   HWI_INT14$hwi
0000000f   HWI_INT15
00000000   HWI_INT15$hwi
00000004   HWI_INT4
00000000   HWI_INT4$hwi
00000005   HWI_INT5
00000000   HWI_INT5$hwi
00000006   HWI_INT6
00000000   HWI_INT6$hwi
00000007   HWI_INT7
00000000   HWI_INT7$hwi
00000008   HWI_INT8
00000000   HWI_INT8$hwi
00000009   HWI_INT9
00000000   HWI_INT9$hwi
07063d04   HWI_INTRMUX1
0b0a0908   HWI_INTRMUX2
28040d0c   HWI_INTRMUX3
00000001   HWI_NMI
00000000   HWI_NMI$hwi
00000000   HWI_POLARITYMASK
00000002   HWI_RESERVED0
00000000   HWI_RESERVED0$hwi
00000003   HWI_RESERVED1
00000000   HWI_RESERVED1$hwi
00000000   HWI_RESET
00000000   HWI_RESET$hwi
00000000   HWI_ZEROTAB
00000001   IDL$
11813d00   IDL_A_CALBEG
118137f0   IDL_A_TABBEG
00000006   IDL_CALIBRERROR
1180b7e0   IDL_CALIBRFXN
11813798   IDL_D_busyObj
11813528   IDL_D_calbeg
11813524   IDL_D_calibrate
11813520   IDL_D_tabbeg
118137fc   IDL_END
11813d0c   IDL_END$
1180b600   IDL_F_busy
1180b460   IDL_F_calibrate
1180b920   IDL_F_loop
1180b7e0   IDL_F_stub
00000001   IDL_USECLKIDLTIME
11813cf4   IDL_busyObj
11812c53   IDL_busyObj$avgfmt
00000001   IDL_busyObj$filter
00000001   IDL_busyObj$iA
00000000   IDL_busyObj$iB
00000001   IDL_busyObj$iC
11812c4d   IDL_busyObj$maxfmt
00000000   IDL_busyObj$operation
11813cf0   IDL_busyObj$stsobj
11812c50   IDL_busyObj$sumfmt
00000002   IDL_busyObj$unittype
118137f0   IDL_cpuLoad
11813d00   IDL_cpuLoad$
118136dc   IRAM
1180b9c0   IRAM$B
00002000   IRAM$L
00000001   ISRC$
1180a838   KNL_glue
11811fd4   KNL_swi
00000001   KNL_swi$dorta
00000000   KNL_swi$ord
00000000   KNL_swi$pri
11813cd4   KNL_swi$sts
11812c29   KNL_swi$sts$avgfmt
00000002   KNL_swi$sts$filter
00000001   KNL_swi$sts$filtmaxmult
00000001   KNL_swi$sts$filtsummult
11812c19   KNL_swi$sts$maxfmt
11813cd0   KNL_swi$sts$stsobj
11812c21   KNL_swi$sts$sumfmt
00000000   KNL_swi$sts$unittype
00000000   KNL_swi$swi
ffffffff   L3_CBA_RAM
00000001   LCK$
118076e0   LNK_F_checkBufferCall
11807760   LNK_F_dataPump
11807700   LNK_F_getChanPtr
11807758   LNK_F_init
11807c68   LNK_F_readCallBack
118137f4   LNK_dataPump
11813d04   LNK_dataPump$
11813734   LNK_dspFrameReadyMask
11813730   LNK_dspFrameRequestMask
118079e0   LNK_newin
11807b14   LNK_newout
11807770   LNK_rcloop
11807834   LNK_rdrtry
1181373c   LNK_readDone
11813740   LNK_readFail
11813738   LNK_readPend
11807844   LNK_rrloop
11813744   LNK_writeFail
11807910   LNK_wrloop
11807904   LNK_wrrtry
00000001   LOG$
11813ca0   LOG_A_TABBEG
11813cd0   LOG_A_TABEND
00000002   LOG_A_TABLEN
1181352c   LOG_D_system
00000001   LOG_ENABLED
1180b3e0   LOG_F_event
11813ca0   LOG_system
11812000   LOG_system$buf
00000000   LOG_system$datatype
00000000   LOG_system$log
00000200   LOG_system$size
00000000   MBX$
00000001   MEM$
118136dc   MEM_MALLOCSEG
00000000   MEM_NULL
118136dc   MEM_SEGZERO
00000000   MEM_USEMPC
00000001   MEM_gNumHeap
00000000   MSGQ$
00000000   MSGQ_USEMSGQ
00000000   OBJ$
00000000   PIP$
1180df20   PIP_A_TABBEG
1180dfe8   PIP_A_TABEND
00000002   PIP_A_TABLEN
11813530   PIP_D_tabbeg
11813534   PIP_D_tablen
11809eb8   PIP_F_give
11809eb8   PIP_F_probe
11809f88   PIP_F_start
11809e40   PIP_F_take
00000064   PIP_OBJSIZE
00000000   PIP_gNextId
00000002   PIP_gNumEmbed
00000000   POOL$
00000000   POOL_USEPOOL
00000001   PRD$
11800000   PRD_A_TABBEG
11800000   PRD_A_TABEND
00000000   PRD_A_TABLEN
11813570   PRD_D_cur
11813574   PRD_D_elapsed
11813578   PRD_D_prevtim
1181357c   PRD_D_scalar
11813580   PRD_D_swihandle
11813584   PRD_D_tabbeg
11813588   PRD_D_tablen
1181358c   PRD_D_thook
1181356c   PRD_D_tick
11808bc0   PRD_F_swi
11808e44   PRD_F_tick
00000001   PRD_SCALAR
00000000   PRD_SWIHANDLE
11809a54   PRD_THOOKFXN
1180dff8   PRD_clock
00000001   PWRM$
00000030   PWRM_PWRM_CAPSMASK
0000000a   PWRM_PWRM_CLKTICKSPERSLOT
00000000   PWRM_PWRM_ENABLE
00000002   PWRM_PWRM_INITSPCPU
00000000   PWRM_PWRM_INITSPPER
00000000   PWRM_PWRM_LOADENABLE
00000001   PWRM_PWRM_NUMSLOTS
00000000   PWRM_PWRM_RESOURCETRACKING
00000000   PWRM_PWRM_SCALING
1180b8e0   PWRM_PWRM_SHAREDRESOURCEFXN
1180b8e0   PWRM_PWRM_SLOTHOOKFXN
00000000   PWRM_PWRM_TIMERIDNUM
00000000   PWRM_PWRM_TIMERINTRMASK
00000000   PWRM_PWRM_TIMERWUGENMASK
00000000   PWRM_PWRM_USERRESOURCES
00000000   PWRM_PWRM_USETIMER
00000001   QUE$
11813590   RTA_D_fromHost
11813598   RTA_D_logval
118135a8   RTA_D_stsval
11813594   RTA_D_toHost
1180b820   RTA_F_andn
118092a0   RTA_F_dispatch
118091c0   RTA_F_getlog
118091f8   RTA_F_getsts
1180b838   RTA_F_or
11809238   RTA_F_readblk
11809260   RTA_F_resetmem
11809254   RTA_F_writeword
118137f8   RTA_dispatcher
11813d08   RTA_dispatcher$
118092ec   RTA_execute
11813c68   RTA_fromHost
1180dfe8   RTA_fromHost$buf
00000004   RTA_fromHost$framesize
00000000   RTA_fromHost$hst
00000001   RTA_fromHost$id
00000000   RTA_fromHost$mode
1180df20   RTA_fromHost$pipe
1180df50   RTA_fromHost$pipe$aaa
1180df80   RTA_fromHost$pipe$bbb
118136e0   RTA_fromHost$pipe$dtab
1180df24   RTA_fromHost$pipe$rd
1180df54   RTA_fromHost$pipe$wr
11813c70   RTA_fromHost$rtdx
11813c84   RTA_toHost
11813b20   RTA_toHost$buf
00000040   RTA_toHost$framesize
00000000   RTA_toHost$hst
00000000   RTA_toHost$id
00000001   RTA_toHost$mode
1180df84   RTA_toHost$pipe
1180dfb4   RTA_toHost$pipe$aaa
1180dfe4   RTA_toHost$pipe$bbb
118136ec   RTA_toHost$pipe$dtab
1180df88   RTA_toHost$pipe$rd
1180dfb8   RTA_toHost$pipe$wr
11813c8c   RTA_toHost$rtdx
00000001   RTDX$
00000408   RTDX_BUFMEMSIZE
118136dc   RTDX_DATAMEMSEG
00000000   RTDX_MODE
00000001   RTDX_NORMALIZED_HDR
00000001   RTDX_USERTDX
00000000   RTDX_USERTEXECUTION
00000000   SEM$
00000000   SIO$
00000001   STS$
11813cd0   STS_A_TABBEG
11813d00   STS_A_TABEND
1180b6ec   STS_F_add
1180b6c0   STS_F_delta
1180b708   STS_F_reset
00000001   SWI$
11811fd4   SWI_A_TABBEG
11812000   SWI_A_TABEND
00000001   SWI_A_TABLEN
11813604   SWI_D_curfxn
118135f4   SWI_D_curmask
11813600   SWI_D_curmbox
118135f8   SWI_D_curset
118135f0   SWI_D_execaddr
1181360c   SWI_D_inswi
118135fc   SWI_D_lock
11813608   SWI_D_rdybeg
11813610   SWI_D_rdytab
118135ec   SWI_D_runaddr
00000000   SWI_EHOOKFXN
118088e4   SWI_EXECFXN
11808700   SWI_F_enable
118088e4   SWI_F_exec
1180890c   SWI_F_iexec
11808770   SWI_F_post
1180898c   SWI_F_run
00000000   SWI_IHOOKFXN
1180898c   SWI_RUNFXN
00000001   SYS$
11813d10   SYS$config
1180b860   SYS_ABORTFXN
1180b960   SYS_ERRORFXN
1180b980   SYS_EXITFXN
1180b8a0   SYS_PUTCFXN
11813d30   TRC_R_mask
11813d2c   TRC_cinit
00000001   TSK$
00000000   TSK_NUM_HOOKS
00000001   TSK_PRIORITY
00000000   TSK_READYFXN
00000000   TSK_STACKSEG
00000400   TSK_STACKSIZE
00000000   TSK_SWITCHFXN
1180b8e0   TSK_VCREATEFXN
1180b8e0   TSK_VDELETEFXN
1180b8e0   TSK_VEXITFXN
11811f80   TSK_idle
00000000   TSK_idle$ord
00000000   TSK_idle$pri
11812c20   TSK_idle$stack
11812fb8   TSK_idle$stkptr
11813ce4   TSK_idle$sts
11812c43   TSK_idle$sts$avgfmt
00000002   TSK_idle$sts$filter
00000001   TSK_idle$sts$filtmaxmult
00000001   TSK_idle$sts$filtsummult
11812c33   TSK_idle$sts$maxfmt
11813ce0   TSK_idle$sts$stsobj
11812c3b   TSK_idle$sts$sumfmt
00000000   TSK_idle$sts$unittype
00000000   TSK_idle$tsk
00000000   UDEV$
1180104c   _AIC3106_Init
11801100   _AIC3106_readRegister
11801154   _AIC3106_writeRegister
1180b8e0   _BCACHE_bootInit
1180abf4   _BCACHE_getMar
1180aba4   _BCACHE_getSize
1180ab74   _BCACHE_setCacheToSram
1180ab24   _BCACHE_setMar
1180aae0   _BCACHE_setSize
1180d9c0   _BIOS_init
1180dbf0   _BIOS_start
ffffffff   _CACHE_L1D
ffffffff   _CACHE_L1P
000493e0   _CLK_COUNTSPMS
11813784   _CLK_DFLTMICROSECS
11813568   _CLK_D_countspms
1181355c   _CLK_D_dirty
11813788   _CLK_D_microseconds
11813560   _CLK_D_prd
11813564   _CLK_D_tddr
1180a690   _CLK_F_itime
00005dc0   _CLK_PRD
01c20000   _CLK_REGS
00000000   _CLK_TDDR
00000000   _CLK_TIMERNUM
00000001   _CLK_USETIMER
1180b9a0   _CLK_gethtime
1181354c   _CLK_htimeDiv
11813550   _CLK_htimeMult
11813794   _CLK_htimePerLtime
118112a4   _CLK_inputClock
1180a690   _CLK_itime
11813554   _CLK_ltimeDiv
11813558   _CLK_ltimeMult
1180b780   _CLK_measure
ffffffff   _DDR
11805404   _DIP_get
11805468   _DIP_getAll
118053e0   _DIP_init
0000000a   _EVENT10
00000064   _EVENT100
00000065   _EVENT101
00000066   _EVENT102
00000067   _EVENT103
00000068   _EVENT104
00000069   _EVENT105
0000006a   _EVENT106
0000006b   _EVENT107
0000006c   _EVENT108
0000006d   _EVENT109
0000000b   _EVENT11
0000006e   _EVENT110
0000006f   _EVENT111
00000070   _EVENT112
00000071   _EVENT113
00000072   _EVENT114
00000073   _EVENT115
00000074   _EVENT116
00000075   _EVENT117
00000076   _EVENT118
00000077   _EVENT119
0000000c   _EVENT12
00000078   _EVENT120
00000079   _EVENT121
0000007a   _EVENT122
0000007b   _EVENT123
0000007c   _EVENT124
0000007d   _EVENT125
0000007e   _EVENT126
0000007f   _EVENT127
0000000d   _EVENT13
0000000e   _EVENT14
0000000f   _EVENT15
00000010   _EVENT16
00000011   _EVENT17
00000012   _EVENT18
00000013   _EVENT19
00000014   _EVENT20
00000015   _EVENT21
00000016   _EVENT22
00000017   _EVENT23
00000018   _EVENT24
00000019   _EVENT25
0000001a   _EVENT26
0000001b   _EVENT27
0000001c   _EVENT28
0000001d   _EVENT29
0000001e   _EVENT30
0000001f   _EVENT31
00000020   _EVENT32
00000021   _EVENT33
00000022   _EVENT34
00000023   _EVENT35
00000024   _EVENT36
00000025   _EVENT37
00000026   _EVENT38
00000027   _EVENT39
00000004   _EVENT4
00000028   _EVENT40
00000029   _EVENT41
0000002a   _EVENT42
0000002b   _EVENT43
0000002c   _EVENT44
0000002d   _EVENT45
0000002e   _EVENT46
0000002f   _EVENT47
00000030   _EVENT48
00000031   _EVENT49
00000005   _EVENT5
00000032   _EVENT50
00000033   _EVENT51
00000034   _EVENT52
00000035   _EVENT53
00000036   _EVENT54
00000037   _EVENT55
00000038   _EVENT56
00000039   _EVENT57
0000003a   _EVENT58
0000003b   _EVENT59
00000006   _EVENT6
0000003c   _EVENT60
0000003d   _EVENT61
0000003e   _EVENT62
0000003f   _EVENT63
00000040   _EVENT64
00000041   _EVENT65
00000042   _EVENT66
00000043   _EVENT67
00000044   _EVENT68
00000045   _EVENT69
00000007   _EVENT7
00000046   _EVENT70
00000047   _EVENT71
00000048   _EVENT72
00000049   _EVENT73
0000004a   _EVENT74
0000004b   _EVENT75
0000004c   _EVENT76
0000004d   _EVENT77
0000004e   _EVENT78
0000004f   _EVENT79
00000008   _EVENT8
00000050   _EVENT80
00000051   _EVENT81
00000052   _EVENT82
00000053   _EVENT83
00000054   _EVENT84
00000055   _EVENT85
00000056   _EVENT86
00000057   _EVENT87
00000058   _EVENT88
00000059   _EVENT89
00000009   _EVENT9
0000005a   _EVENT90
0000005b   _EVENT91
0000005c   _EVENT92
0000005d   _EVENT93
0000005e   _EVENT94
0000005f   _EVENT95
00000060   _EVENT96
00000061   _EVENT97
00000062   _EVENT98
00000063   _EVENT99
118001e8   _EVMC6748_enableDsp
11800000   _EVMC6748_init
1180002c   _EVMC6748_initRAM
118002b0   _EVMC6748_lpscTransition
11800214   _EVMC6748_pinmuxConfig
118081f0   _EXC_clearLastStatus
11809c60   _EXC_dispatch
11808014   _EXC_exceptionHandler
11813748   _EXC_exceptionHook
11807fe0   _EXC_external
11813750   _EXC_externalHook
11807fc0   _EXC_getLastStatus
11807f80   _EXC_init
11807cd4   _EXC_internal
1181374c   _EXC_internalHook
11807ca0   _EXC_nmi
11813754   _EXC_nmiHook
11813700   _EXC_returnPtr
11809e24   _EXC_setReturnPtr
11811838   _EXC_status
118136f8   _EXC_sysTrapTable
1180b8e0   _FXN_F_nop
1180b544   _FXN_F_run
1180b580   _FXN_F_zero
00000000   _GBL_CACHE
1180ac88   _GBL_cacheInit64P
118135c4   _GBL_clkIn
118135c8   _GBL_freq
1180b900   _GBL_getVersion
118135c0   _GBL_procId
11802c38   _GPIO_getInput
11802bc0   _GPIO_setDir
11802cac   _GPIO_setOutput
11802d2c   _GPIO_toggleLoop
11806b80   _HOSTclose
11805a20   _HOSTlseek
11805e20   _HOSTopen
11805f00   _HOSTread
118050e0   _HOSTrename
11806280   _HOSTunlink
11806340   _HOSTwrite
1180f000   _HSRTDX_rec
1180f760   _HSRTDX_xmt
11813c64   _HST_A_TABBEG
11813ca0   _HST_A_TABEND
00005828   _HWI_CFGDISPATCHED
11813724   _HWI_D_inhwi
11813718   _HWI_D_spsave
11808220   _HWI_F_dispatch
0000000a   _HWI_INT10
0000000b   _HWI_INT11
0000000c   _HWI_INT12
0000000d   _HWI_INT13
0000000e   _HWI_INT14
0000000f   _HWI_INT15
00000004   _HWI_INT4
00000005   _HWI_INT5
00000006   _HWI_INT6
00000007   _HWI_INT7
00000008   _HWI_INT8
00000009   _HWI_INT9
00000001   _HWI_NMI
00000002   _HWI_RESERVED0
00000003   _HWI_RESERVED1
00000000   _HWI_RESET
11813418   _HWI_STKBOTTOM
11813020   _HWI_STKTOP
11813718   _HWI_data
1180b5a0   _HWI_disable
11813420   _HWI_dispatchTab
1180b5b8   _HWI_enable
1180b5cc   _HWI_restore
11802374   _I2CGPIO_getInput
11802490   _I2CGPIO_getInputAll
118022a0   _I2CGPIO_init
118025a0   _I2CGPIO_setOutput
118026e8   _I2CGPIO_setOutputAll
11802f40   _I2C_init
1180302c   _I2C_read
11803188   _I2C_write
11813cf4   _IDL_busyObj
118137f0   _IDL_cpuLoad
1180b920   _IDL_loop
118136dc   _IRAM
1180b9c0   _IRAM_base
00002000   _IRAM_length
11813690   _KNL_alarm
1180ad40   _KNL_check
118136b4   _KNL_curqueue
118136a4   _KNL_curtask
118136ac   _KNL_curtime
118115f0   _KNL_dummy
1180b0a0   _KNL_enter
1180b060   _KNL_exit
1180ae08   _KNL_idle
118136cc   _KNL_idlefxn
11813698   _KNL_inactive
1180b260   _KNL_ipost
1180ae30   _KNL_max
118136b8   _KNL_maxqueue
1180b2e0   _KNL_post
118136a8   _KNL_prevtask
1181369c   _KNL_priority
11811550   _KNL_queues
11809440   _KNL_run
1180a6e0   _KNL_saveIsrFrame
118136a0   _KNL_set
11813694   _KNL_setpri
11811fd4   _KNL_swi
118136b0   _KNL_swiptr
1180a78c   _KNL_switch
118136c0   _KNL_tcreatefxn
118136c4   _KNL_tdeletefxn
11809a54   _KNL_tick
118136c8   _KNL_treadyfxn
118136bc   _KNL_tswitchfxn
11813688   _KNL_wFlag
1181368c   _KNL_wList
ffffffff   _L3_CBA_RAM
1180b380   _LCK_pend
1180b360   _LCK_post
11804ba0   _LED_init
11804bec   _LED_isOn
11804cec   _LED_toggle
11804ca4   _LED_turnOff
11804c54   _LED_turnOn
118137f4   _LNK_dataPump
11813734   _LNK_dspFrameReadyMask
11813730   _LNK_dspFrameRequestMask
1181373c   _LNK_readDone
11813740   _LNK_readFail
11813738   _LNK_readPend
11813744   _LNK_writeFail
11813ca0   _LOG_A_TABBEG
11813cd0   _LOG_A_TABEND
00000002   _LOG_A_TABLEN
1181352c   _LOG_D_system
1180b3e0   _LOG_event
11813ca0   _LOG_system
1181379c   _MEM
118135cc   _MEM_D_NUMSEGMENTS
118135d4   _MEM_D_freelist
118135d8   _MEM_D_lockaddr
118135d0   _MEM_D_memtab
118135dc   _MEM_D_unlockaddr
11809680   _MEM_alloc
11809a80   _MEM_free
1180de00   _MEM_init
118136d0   _MEM_memtab
11800cd0   _McASP_Init
11800e14   _McASP_Start
11811790   _OBJ_segtab
11811758   _OBJ_table
1180df20   _PIP_A_TABBEG
1180dfe8   _PIP_A_TABEND
1181356c   _PRD_D_tick
1180dff8   _PRD_clock
118137f8   _RTA_dispatcher
11813c68   _RTA_fromHost
11813c84   _RTA_toHost
11811900   _RTDX_Buffer
11811d0c   _RTDX_Buffer_End
1180fde0   _RTDX_Buffer_Initialize
1180ff60   _RTDX_Buffer_Read
1180fea0   _RTDX_Buffer_ReadCB
1180fee0   _RTDX_Buffer_Size
11811d08   _RTDX_Buffer_Start
1180ff80   _RTDX_Buffer_Write
1180f2a0   _RTDX_Buffer_WriteCB
1180fd60   _RTDX_Final_RT_Monitor
1180fe40   _RTDX_Init_RT_Monitor
00000002   _RTDX_JTAGONLY
1180ffa0   _RTDX_Mask_IER
1180fa60   _RTDX_Mon_Queue
1180fcc0   _RTDX_Poll
00000000   _RTDX_interrupt_mask
1180ff20   _RTDX_memfill
11811d60   _RTDX_writing
118136dc   _SEG0
1180b660   _SEM_pend
1180a020   _SEM_pendEnterKnl
1180af80   _SEM_post
1180af80   _SEM_postBinary
1180b120   _SEM_postEnterKnl
11813cd0   _STS_A_TABBEG
11813d00   _STS_A_TABEND
1180b6ec   _STS_add
1180b6c0   _STS_delta
1180b708   _STS_reset
1180b940   _STS_set
11813604   _SWI_D_curfxn
118135f4   _SWI_D_curmask
118135f8   _SWI_D_curset
118135f0   _SWI_D_execaddr
1181360c   _SWI_D_inswi
118135fc   _SWI_D_lock
11813608   _SWI_D_rdybeg
118135ec   _SWI_D_runaddr
118135ec   _SWI_data
11808770   _SWI_post
118135e0   _SYS
11811d74   _SYS_PUTCBEG
11811f73   _SYS_PUTCEND
1180b720   _SYS_abort
1180b4e0   _SYS_error
1180b1c0   _SYS_exit
11811800   _SYS_exitStack
1181378c   _SYS_exitStackPtr
11813790   _SYS_exitStackTop
11801210   _SetGpio
11813d30   _TRC_R_mask
11813780   _TSK
118116f8   _TSK_ATTRS
11811714   _TSK_config
1180a9a0   _TSK_exit
11811f80   _TSK_idle
1180dec0   _TSK_init
11813778   _TSK_nTasks
1181377c   _TSK_pid
1180a3a0   _TSK_setup
1180af04   _TSK_startup
11811734   _TSK_timerSem
11801198   _USTIMER_delay
11800c00   _UTIL_isUIBoardAttached
11800aa8   _UTIL_printMem
1180b860   _UTL_doAbort
1180b960   _UTL_doError
1180b8a0   _UTL_doPutc
1180b980   _UTL_halt
11813a00   __CIOBUF_
1180a6b0   __CLK_lat1beg
1180a6d0   __CLK_lat1end
118135e8   __HOOK_NUMHOOKS
118135e4   __HOOK_knlId
11808220   __HWI_lat1beg
118083a8   __HWI_lat1end
118083a8   __HWI_lat2beg
11808584   __HWI_lat2end1
11808510   __HWI_lat2end2
118085a0   __HWI_lat3beg
11808540   __HWI_lat3end2
1180b600   __IDL_lat1beg
1180b640   __IDL_lat1end
1180ad8c   __KNL_lat1beg
1180ae08   __KNL_lat1end
1180b3e0   __LOG_lat1beg
118117d4   __MEM_mutex
11809260   __RTA_lat1beg
11809294   __RTA_lat1end
1180a200   __SEM_dopost
11813420   __STACK_END
00000400   __STACK_SIZE
11808878   __SWI_lat1beg
11808924   __SWI_lat1end
11808928   __SWI_lat2beg
11808988   __SWI_lat2end
11808700   __SWI_lat3beg
1180876c   __SWI_lat3end
118117ac   __TSK_mutex
1181186c   ___TI_enable_exit_profile_output
ffffffff   ___TI_pprof_out_hndl
ffffffff   ___TI_prof_data_size
ffffffff   ___TI_prof_data_start
11807480   ___add_dtor
118112a8   ___atexit_func_id__
ffffffff   ___binit__
11813420   ___bss__
ffffffff   ___c_args__
1180ffc0   ___cinit__
11800000   ___data__
11800000   ___edata__
118137a4   ___end__
118076e0   ___etext__
118074c0   ___isinf
11813d20   ___pinit__
11800000   ___text__
1180a860   __auto_init
11806580   __c6xabi_divu
11806400   __cleanup
11811864   __cleanup_ptr
11812998   __ctypes_
11801240   __divd
11806c20   __divli
11806580   __divu
11804f40   __divul
11804080   __divull
11806640   __doflush
11811868   __dtors_ptr
11806e00   __fixdli
11807080   __fltlid
11807540   __frcmpyd_div
118112a0   __ft_end
11810f80   __ftable
11807100   __llshl
11807580   __llshru
11811870   __lock
11807600   __negll
11807620   __nop
11802780   __printfi
11807680   __register_lock
118076a0   __register_unlock
118075c0   __remli
11813020   __stack
11807300   __subcull
11811160   __tmpnams
11811874   __unlock
11805c20   __wrt_ok
11806700   _atexit
11805fe0   _atoi
1180742c   _audioHWI
11812aa0   _bitval_u32
1180dd40   _c_int00
11805d20   _call_dtors
1180916c   _calloc
118060c0   _close
11800688   _config_pll0
118008c4   _config_pll1
11811754   _dtors
11805900   _fclose
11805680   _fputc
118032c0   _fputs
11808f40   _free
118067c0   _fseek
11800c68   _initAll
11806880   _lseek
11806940   _ltoa
11807420   _main
11808f64   _malloc
118090a8   _memalign
11807360   _memccpy
11806fe0   _memcpy
118061a0   _memset
11807180   _printf
11805680   _putc
11800c20   _read_audio_sample
11807200   _readmsg
11808fc4   _realloc
118076c0   _remove
11813760   _rtdxNullChanCnt
11813764   _rtdxNullFuncCnt
1181376c   _rtdxRecNotDoneCnt
11813774   _rtdxXmtErrorCnt
11813768   _rtdxXmtNotDoneCnt
11813770   _rtdxXmtRestartCnt
11811d54   _rtdx_buffer_state
11811d10   _rtdx_mon_state
11805260   _setvbuf
11813cb8   _trace
11807280   _unlink
11806a00   _write
11800c44   _write_audio_sample
118073c0   _writemsg
ffffffff   binit
1180ffc0   cinit
11800000   edata
118137a4   end
118076e0   etext
11813800   hwi0
11813820   hwi1
11813940   hwi10
11813960   hwi11
11813980   hwi12
118139a0   hwi13
118139c0   hwi14
118139e0   hwi15
11813840   hwi2
11813860   hwi3
11813880   hwi4
118138a0   hwi5
118138c0   hwi6
118138e0   hwi7
11813900   hwi8
11813920   hwi9
11813d20   pinit
11813cb8   trace
1180e000   trace$buf
00000001   trace$datatype
00000000   trace$log
00000400   trace$size


GLOBAL SYMBOLS: SORTED BY Symbol Address 

address    name
--------   ----
00000000   BUF$
00000000   CLK_PRDHIGH
00000000   CLK_TDDR
00000000   CLK_TDDRHIGH
00000000   CLK_TIMERNUM
00000000   DEV$
00000000   DGN$
00000000   DHL$
00000000   DHL_gChannelsAvailable
00000000   DIO$
00000000   DIO_NUMSWIBASE
00000000   DIO_NUMTSKBASE
00000000   DIO_STATIC
00000000   DPI$
00000000   ECM$
00000000   ECM_ENABLE
00000000   GBL_BCACHEREADADDR0
00000000   GBL_BCACHEREADADDR1
00000000   GBL_BCACHEREADADDR2
00000000   GBL_BIGENDIAN
00000000   GBL_CACHE
00000000   GBL_CALLCSLCFGINIT
00000000   GBL_ENABLE_SK
00000000   GBL_GEMTRUECOMPEN
00000000   GBL_L2MAR0_31
00000000   GBL_L2MAR160_191
00000000   GBL_L2MAR224_255
00000000   GBL_L2MAR32_63
00000000   GBL_L2MAR64_95
00000000   GBL_L2MAR96_127
00000000   GBL_L2MODE
00000000   GBL_NULL
00000000   GBL_PROCID
00000000   GBL_ROM
00000000   GBL_SUPPORTCSL
00000000   GBL_USERINIT
00000000   GIO$
00000000   HOOK$
00000000   HOOK_KNLID
00000000   HST_DSM
00000000   HST_NONE
00000000   HWI_GENERATE_RESET_VEC
00000000   HWI_INT10$hwi
00000000   HWI_INT11$hwi
00000000   HWI_INT12$hwi
00000000   HWI_INT13$hwi
00000000   HWI_INT14$hwi
00000000   HWI_INT15$hwi
00000000   HWI_INT4$hwi
00000000   HWI_INT5$hwi
00000000   HWI_INT6$hwi
00000000   HWI_INT7$hwi
00000000   HWI_INT8$hwi
00000000   HWI_INT9$hwi
00000000   HWI_NMI$hwi
00000000   HWI_POLARITYMASK
00000000   HWI_RESERVED0$hwi
00000000   HWI_RESERVED1$hwi
00000000   HWI_RESET
00000000   HWI_RESET$hwi
00000000   HWI_ZEROTAB
00000000   IDL_busyObj$iB
00000000   IDL_busyObj$operation
00000000   KNL_swi$ord
00000000   KNL_swi$pri
00000000   KNL_swi$sts$unittype
00000000   KNL_swi$swi
00000000   LOG_system$datatype
00000000   LOG_system$log
00000000   MBX$
00000000   MEM_NULL
00000000   MEM_USEMPC
00000000   MSGQ$
00000000   MSGQ_USEMSGQ
00000000   OBJ$
00000000   PIP$
00000000   PIP_gNextId
00000000   POOL$
00000000   POOL_USEPOOL
00000000   PRD_A_TABLEN
00000000   PRD_SWIHANDLE
00000000   PWRM_PWRM_ENABLE
00000000   PWRM_PWRM_INITSPPER
00000000   PWRM_PWRM_LOADENABLE
00000000   PWRM_PWRM_RESOURCETRACKING
00000000   PWRM_PWRM_SCALING
00000000   PWRM_PWRM_TIMERIDNUM
00000000   PWRM_PWRM_TIMERINTRMASK
00000000   PWRM_PWRM_TIMERWUGENMASK
00000000   PWRM_PWRM_USERRESOURCES
00000000   PWRM_PWRM_USETIMER
00000000   RTA_fromHost$hst
00000000   RTA_fromHost$mode
00000000   RTA_toHost$hst
00000000   RTA_toHost$id
00000000   RTDX_MODE
00000000   RTDX_USERTEXECUTION
00000000   SEM$
00000000   SIO$
00000000   SWI_EHOOKFXN
00000000   SWI_IHOOKFXN
00000000   TSK_NUM_HOOKS
00000000   TSK_READYFXN
00000000   TSK_STACKSEG
00000000   TSK_SWITCHFXN
00000000   TSK_idle$ord
00000000   TSK_idle$pri
00000000   TSK_idle$sts$unittype
00000000   TSK_idle$tsk
00000000   UDEV$
00000000   _CLK_TDDR
00000000   _CLK_TIMERNUM
00000000   _GBL_CACHE
00000000   _HWI_RESET
00000000   _RTDX_interrupt_mask
00000000   trace$log
00000001   BUF_ENABLED
00000001   CLK$
00000001   CLK_CALDIV
00000001   CLK_CALMULT
00000001   CLK_ENABLEHTIME
00000001   CLK_HTIMEDIV
00000001   CLK_HTIMEMULT
00000001   CLK_LTIMEDIV
00000001   CLK_POWERENABLE
00000001   CLK_RESETTIMER
00000001   CLK_USETIMER
00000001   GBL$
00000001   GBL_ENABLEINST
00000001   GBL_L2CONFIGURE
00000001   GBL_L2MAR128_159
00000001   GBL_boot
00000001   HST$
00000001   HST_RTDX
00000001   HWI$
00000001   HWI_ENABLE_EXC
00000001   HWI_NMI
00000001   IDL$
00000001   IDL_USECLKIDLTIME
00000001   IDL_busyObj$filter
00000001   IDL_busyObj$iA
00000001   IDL_busyObj$iC
00000001   ISRC$
00000001   KNL_swi$dorta
00000001   KNL_swi$sts$filtmaxmult
00000001   KNL_swi$sts$filtsummult
00000001   LCK$
00000001   LOG$
00000001   LOG_ENABLED
00000001   MEM$
00000001   MEM_gNumHeap
00000001   PRD$
00000001   PRD_SCALAR
00000001   PWRM$
00000001   PWRM_PWRM_NUMSLOTS
00000001   QUE$
00000001   RTA_fromHost$id
00000001   RTA_toHost$mode
00000001   RTDX$
00000001   RTDX_NORMALIZED_HDR
00000001   RTDX_USERTDX
00000001   STS$
00000001   SWI$
00000001   SWI_A_TABLEN
00000001   SYS$
00000001   TSK$
00000001   TSK_PRIORITY
00000001   TSK_idle$sts$filtmaxmult
00000001   TSK_idle$sts$filtsummult
00000001   _CLK_USETIMER
00000001   _HWI_NMI
00000001   trace$datatype
00000002   HWI_RESERVED0
00000002   IDL_busyObj$unittype
00000002   KNL_swi$sts$filter
00000002   LOG_A_TABLEN
00000002   PIP_A_TABLEN
00000002   PIP_gNumEmbed
00000002   PWRM_PWRM_INITSPCPU
00000002   TSK_idle$sts$filter
00000002   _HWI_RESERVED0
00000002   _LOG_A_TABLEN
00000002   _RTDX_JTAGONLY
00000003   HWI_RESERVED1
00000003   _HWI_RESERVED1
00000004   CLK_COUNTSPMSHIGH
00000004   EVENT4
00000004   HWI_INT4
00000004   RTA_fromHost$framesize
00000004   _EVENT4
00000004   _HWI_INT4
00000005   CLK_TIMMODE
00000005   EVENT5
00000005   HWI_INT5
00000005   _EVENT5
00000005   _HWI_INT5
00000006   EVENT6
00000006   HWI_INT6
00000006   IDL_CALIBRERROR
00000006   _EVENT6
00000006   _HWI_INT6
00000007   EVENT7
00000007   GBL_L1DMODE
00000007   GBL_L1PMODE
00000007   HWI_INT7
00000007   _EVENT7
00000007   _HWI_INT7
00000008   EVENT8
00000008   HWI_INT8
00000008   _EVENT8
00000008   _HWI_INT8
00000009   EVENT9
00000009   HWI_INT9
00000009   _EVENT9
00000009   _HWI_INT9
0000000a   EVENT10
0000000a   HWI_INT10
0000000a   PWRM_PWRM_CLKTICKSPERSLOT
0000000a   _EVENT10
0000000a   _HWI_INT10
0000000b   EVENT11
0000000b   HWI_INT11
0000000b   _EVENT11
0000000b   _HWI_INT11
0000000c   EVENT12
0000000c   HWI_INT12
0000000c   _EVENT12
0000000c   _HWI_INT12
0000000d   EVENT13
0000000d   HWI_INT13
0000000d   _EVENT13
0000000d   _HWI_INT13
0000000e   EVENT14
0000000e   HWI_INT14
0000000e   _EVENT14
0000000e   _HWI_INT14
0000000f   EVENT15
0000000f   HWI_INT15
0000000f   _EVENT15
0000000f   _HWI_INT15
00000010   EVENT16
00000010   _EVENT16
00000011   EVENT17
00000011   _EVENT17
00000012   EVENT18
00000012   _EVENT18
00000013   EVENT19
00000013   _EVENT19
00000014   EVENT20
00000014   _EVENT20
00000015   EVENT21
00000015   _EVENT21
00000016   EVENT22
00000016   _EVENT22
00000017   EVENT23
00000017   _EVENT23
00000018   EVENT24
00000018   _EVENT24
00000019   EVENT25
00000019   _EVENT25
0000001a   EVENT26
0000001a   _EVENT26
0000001b   EVENT27
0000001b   _EVENT27
0000001c   EVENT28
0000001c   _EVENT28
0000001d   EVENT29
0000001d   _EVENT29
0000001e   EVENT30
0000001e   _EVENT30
0000001f   EVENT31
0000001f   _EVENT31
00000020   CLK_TCR
00000020   EVENT32
00000020   _EVENT32
00000021   EVENT33
00000021   _EVENT33
00000022   EVENT34
00000022   _EVENT34
00000023   EVENT35
00000023   _EVENT35
00000024   EVENT36
00000024   _EVENT36
00000025   EVENT37
00000025   _EVENT37
00000026   EVENT38
00000026   _EVENT38
00000027   EVENT39
00000027   _EVENT39
00000028   EVENT40
00000028   _EVENT40
00000029   EVENT41
00000029   _EVENT41
0000002a   EVENT42
0000002a   _EVENT42
0000002b   EVENT43
0000002b   _EVENT43
0000002c   EVENT44
0000002c   _EVENT44
0000002d   EVENT45
0000002d   _EVENT45
0000002e   EVENT46
0000002e   _EVENT46
0000002f   EVENT47
0000002f   _EVENT47
00000030   EVENT48
00000030   PWRM_PWRM_CAPSMASK
00000030   _EVENT48
00000031   EVENT49
00000031   _EVENT49
00000032   EVENT50
00000032   _EVENT50
00000033   EVENT51
00000033   _EVENT51
00000034   EVENT52
00000034   _EVENT52
00000035   EVENT53
00000035   _EVENT53
00000036   EVENT54
00000036   _EVENT54
00000037   EVENT55
00000037   _EVENT55
00000038   EVENT56
00000038   _EVENT56
00000039   EVENT57
00000039   _EVENT57
0000003a   EVENT58
0000003a   _EVENT58
0000003b   EVENT59
0000003b   _EVENT59
0000003c   EVENT60
0000003c   _EVENT60
0000003d   EVENT61
0000003d   _EVENT61
0000003e   EVENT62
0000003e   GBL_DSPTYPE
0000003e   _EVENT62
0000003f   EVENT63
0000003f   _EVENT63
00000040   EVENT64
00000040   HST_MAXFRAMESET
00000040   RTA_toHost$framesize
00000040   _EVENT64
00000041   EVENT65
00000041   _EVENT65
00000042   EVENT66
00000042   GBL_FOOTPRINT
00000042   _EVENT66
00000043   EVENT67
00000043   _EVENT67
00000044   EVENT68
00000044   _EVENT68
00000045   EVENT69
00000045   _EVENT69
00000046   EVENT70
00000046   _EVENT70
00000047   EVENT71
00000047   _EVENT71
00000048   EVENT72
00000048   _EVENT72
00000049   EVENT73
00000049   _EVENT73
0000004a   EVENT74
0000004a   _EVENT74
0000004b   EVENT75
0000004b   _EVENT75
0000004c   EVENT76
0000004c   _EVENT76
0000004d   EVENT77
0000004d   _EVENT77
0000004e   EVENT78
0000004e   _EVENT78
0000004f   EVENT79
0000004f   _EVENT79
00000050   EVENT80
00000050   _EVENT80
00000051   EVENT81
00000051   _EVENT81
00000052   EVENT82
00000052   _EVENT82
00000053   EVENT83
00000053   _EVENT83
00000054   EVENT84
00000054   _EVENT84
00000055   EVENT85
00000055   _EVENT85
00000056   EVENT86
00000056   _EVENT86
00000057   EVENT87
00000057   _EVENT87
00000058   EVENT88
00000058   _EVENT88
00000059   EVENT89
00000059   _EVENT89
0000005a   EVENT90
0000005a   _EVENT90
0000005b   EVENT91
0000005b   _EVENT91
0000005c   EVENT92
0000005c   _EVENT92
0000005d   EVENT93
0000005d   _EVENT93
0000005e   EVENT94
0000005e   _EVENT94
0000005f   EVENT95
0000005f   _EVENT95
00000060   EVENT96
00000060   _EVENT96
00000061   EVENT97
00000061   _EVENT97
00000062   EVENT98
00000062   _EVENT98
00000063   EVENT99
00000063   _EVENT99
00000064   EVENT100
00000064   PIP_OBJSIZE
00000064   _EVENT100
00000065   EVENT101
00000065   _EVENT101
00000066   EVENT102
00000066   _EVENT102
00000067   EVENT103
00000067   _EVENT103
00000068   EVENT104
00000068   _EVENT104
00000069   EVENT105
00000069   _EVENT105
0000006a   EVENT106
0000006a   _EVENT106
0000006b   EVENT107
0000006b   _EVENT107
0000006c   EVENT108
0000006c   _EVENT108
0000006d   EVENT109
0000006d   _EVENT109
0000006e   EVENT110
0000006e   _EVENT110
0000006f   EVENT111
0000006f   _EVENT111
00000070   EVENT112
00000070   _EVENT112
00000071   EVENT113
00000071   _EVENT113
00000072   EVENT114
00000072   _EVENT114
00000073   EVENT115
00000073   _EVENT115
00000074   EVENT116
00000074   _EVENT116
00000075   EVENT117
00000075   _EVENT117
00000076   EVENT118
00000076   _EVENT118
00000077   EVENT119
00000077   _EVENT119
00000078   EVENT120
00000078   _EVENT120
00000079   EVENT121
00000079   _EVENT121
0000007a   EVENT122
0000007a   _EVENT122
0000007b   EVENT123
0000007b   _EVENT123
0000007c   EVENT124
0000007c   _EVENT124
0000007d   EVENT125
0000007d   _EVENT125
0000007e   EVENT126
0000007e   _EVENT126
0000007f   EVENT127
0000007f   _EVENT127
000000ff   HST_MAXFRAMEALLOWED
00000200   LOG_system$size
000003e8   CLK_MICROSECS
00000400   HST_DSMMEMSIZE
00000400   TSK_STACKSIZE
00000400   __STACK_SIZE
00000400   trace$size
00000408   RTDX_BUFMEMSIZE
00001a5b   GBL_CLKTYPE
00001a5c   GBL_DSPSUBTYPE
00002000   IRAM$L
00002000   _IRAM_length
00004000   CLK_INTBIT
00004e20   GBL_CLKIN
00005205   GBL_A_VERSION
00005828   HWI_CFGDISPATCHED
00005828   _HWI_CFGDISPATCHED
00005dc0   CLK_INPUTCLK
00005dc0   CLK_PRD
00005dc0   _CLK_PRD
0000dbef   GBL_TRCMASKVALUE
000493e0   CLK_COUNTSPMS
000493e0   CLK_HTIMEPERLTIME
000493e0   CLK_LTIMEMULT
000493e0   GBL_FREQ
000493e0   _CLK_COUNTSPMS
01c20000   CLK_REGS
01c20000   _CLK_REGS
07063d04   HWI_INTRMUX1
0b0a0908   HWI_INTRMUX2
11800000   .data
11800000   .text
11800000   PRD_A_TABBEG
11800000   PRD_A_TABEND
11800000   _EVMC6748_init
11800000   ___data__
11800000   ___edata__
11800000   ___text__
11800000   edata
1180002c   _EVMC6748_initRAM
118001e8   _EVMC6748_enableDsp
11800214   _EVMC6748_pinmuxConfig
118002b0   _EVMC6748_lpscTransition
11800688   _config_pll0
118008c4   _config_pll1
11800aa8   _UTIL_printMem
11800c00   _UTIL_isUIBoardAttached
11800c20   _read_audio_sample
11800c44   _write_audio_sample
11800c68   _initAll
11800cd0   _McASP_Init
11800e14   _McASP_Start
1180104c   _AIC3106_Init
11801100   _AIC3106_readRegister
11801154   _AIC3106_writeRegister
11801198   _USTIMER_delay
11801210   _SetGpio
11801240   __divd
118022a0   _I2CGPIO_init
11802374   _I2CGPIO_getInput
11802490   _I2CGPIO_getInputAll
118025a0   _I2CGPIO_setOutput
118026e8   _I2CGPIO_setOutputAll
11802780   __printfi
11802bc0   _GPIO_setDir
11802c38   _GPIO_getInput
11802cac   _GPIO_setOutput
11802d2c   _GPIO_toggleLoop
11802f40   _I2C_init
1180302c   _I2C_read
11803188   _I2C_write
118032c0   _fputs
11804080   __divull
11804ba0   _LED_init
11804bec   _LED_isOn
11804c54   _LED_turnOn
11804ca4   _LED_turnOff
11804cec   _LED_toggle
11804f40   __divul
118050e0   _HOSTrename
11805260   _setvbuf
118053e0   _DIP_init
11805404   _DIP_get
11805468   _DIP_getAll
11805680   _fputc
11805680   _putc
11805900   _fclose
11805a20   _HOSTlseek
11805c20   __wrt_ok
11805d20   _call_dtors
11805e20   _HOSTopen
11805f00   _HOSTread
11805fe0   _atoi
118060c0   _close
118061a0   _memset
11806280   _HOSTunlink
11806340   _HOSTwrite
11806400   __cleanup
11806580   __c6xabi_divu
11806580   __divu
11806640   __doflush
11806700   _atexit
118067c0   _fseek
11806880   _lseek
11806940   _ltoa
11806a00   _write
11806b80   _HOSTclose
11806c20   __divli
11806e00   __fixdli
11806fe0   _memcpy
11807080   __fltlid
11807100   __llshl
11807180   _printf
11807200   _readmsg
11807280   _unlink
11807300   __subcull
11807360   _memccpy
118073c0   _writemsg
11807418   C$$IO$$
11807420   _main
1180742c   _audioHWI
11807480   ___add_dtor
118074c0   ___isinf
11807540   __frcmpyd_div
11807580   __llshru
118075c0   __remli
11807600   __negll
11807620   __nop
11807680   __register_lock
118076a0   __register_unlock
118076c0   _remove
118076e0   LNK_F_checkBufferCall
118076e0   ___etext__
118076e0   etext
11807700   LNK_F_getChanPtr
11807758   LNK_F_init
11807760   LNK_F_dataPump
11807770   LNK_rcloop
11807834   LNK_rdrtry
11807844   LNK_rrloop
11807904   LNK_wrrtry
11807910   LNK_wrloop
118079e0   LNK_newin
11807b14   LNK_newout
11807c68   LNK_F_readCallBack
11807ca0   _EXC_nmi
11807cd4   _EXC_internal
11807f80   _EXC_init
11807fc0   _EXC_getLastStatus
11807fe0   _EXC_external
11808014   _EXC_exceptionHandler
118081f0   _EXC_clearLastStatus
11808220   CLK_HOOKFXN
11808220   HWI_F_dispatch
11808220   _HWI_F_dispatch
11808220   __HWI_lat1beg
118083a8   __HWI_lat1end
118083a8   __HWI_lat2beg
11808510   __HWI_lat2end2
11808540   __HWI_lat3end2
11808584   __HWI_lat2end1
118085a0   __HWI_lat3beg
11808700   SWI_F_enable
11808700   __SWI_lat3beg
1180876c   __SWI_lat3end
11808770   SWI_F_post
11808770   _SWI_post
11808878   __SWI_lat1beg
118088e4   SWI_EXECFXN
118088e4   SWI_F_exec
1180890c   SWI_F_iexec
11808924   __SWI_lat1end
11808928   __SWI_lat2beg
11808988   __SWI_lat2end
1180898c   SWI_F_run
1180898c   SWI_RUNFXN
11808bc0   PRD_F_swi
11808e44   PRD_F_tick
11808f40   _free
11808f64   _malloc
11808fc4   _realloc
118090a8   _memalign
1180916c   _calloc
118091c0   RTA_F_getlog
118091f8   RTA_F_getsts
11809238   RTA_F_readblk
11809254   RTA_F_writeword
11809260   RTA_F_resetmem
11809260   __RTA_lat1beg
11809294   __RTA_lat1end
118092a0   RTA_F_dispatch
118092ec   RTA_execute
11809440   _KNL_run
11809680   _MEM_alloc
11809a54   PRD_THOOKFXN
11809a54   _KNL_tick
11809a80   _MEM_free
11809c60   _EXC_dispatch
11809e24   _EXC_setReturnPtr
11809e40   PIP_F_take
11809eb8   PIP_F_give
11809eb8   PIP_F_probe
11809f88   PIP_F_start
1180a020   _SEM_pendEnterKnl
1180a200   __SEM_dopost
1180a3a0   _TSK_setup
1180a540   CLK_F_getltime
1180a550   CLK_F_isr
1180a690   CLK_F_itime
1180a690   _CLK_F_itime
1180a690   _CLK_itime
1180a6b0   __CLK_lat1beg
1180a6d0   __CLK_lat1end
1180a6e0   _KNL_saveIsrFrame
1180a78c   _KNL_switch
1180a838   KNL_glue
1180a860   __auto_init
1180a9a0   _TSK_exit
1180aae0   _BCACHE_setSize
1180ab24   _BCACHE_setMar
1180ab74   _BCACHE_setCacheToSram
1180aba4   _BCACHE_getSize
1180abf4   _BCACHE_getMar
1180ac88   _GBL_cacheInit64P
1180ad40   _KNL_check
1180ad8c   __KNL_lat1beg
1180ae08   _KNL_idle
1180ae08   __KNL_lat1end
1180ae30   _KNL_max
1180af04   _TSK_startup
1180af80   _SEM_post
1180af80   _SEM_postBinary
1180b060   _KNL_exit
1180b0a0   _KNL_enter
1180b120   _SEM_postEnterKnl
1180b1c0   _SYS_exit
1180b260   _KNL_ipost
1180b2e0   _KNL_post
1180b360   _LCK_post
1180b380   _LCK_pend
1180b3e0   LOG_F_event
1180b3e0   _LOG_event
1180b3e0   __LOG_lat1beg
1180b460   IDL_F_calibrate
1180b4e0   _SYS_error
1180b540   FXN_F_nop
1180b544   FXN_F_run
1180b544   _FXN_F_run
1180b580   FXN_F_zero
1180b580   _FXN_F_zero
1180b5a0   _HWI_disable
1180b5b8   _HWI_enable
1180b5cc   _HWI_restore
1180b600   IDL_F_busy
1180b600   __IDL_lat1beg
1180b640   __IDL_lat1end
1180b660   _SEM_pend
1180b6c0   STS_F_delta
1180b6c0   _STS_delta
1180b6ec   STS_F_add
1180b6ec   _STS_add
1180b708   STS_F_reset
1180b708   _STS_reset
1180b720   _SYS_abort
1180b780   _CLK_measure
1180b7e0   IDL_CALIBRFXN
1180b7e0   IDL_F_stub
1180b820   RTA_F_andn
1180b838   RTA_F_or
1180b860   SYS_ABORTFXN
1180b860   _UTL_doAbort
1180b8a0   SYS_PUTCFXN
1180b8a0   _UTL_doPutc
1180b8e0   GBL_USERINITFXN
1180b8e0   GIO_CREATEFXN
1180b8e0   GIO_DELETEFXN
1180b8e0   GIO_PENDFXN
1180b8e0   GIO_POSTFXN
1180b8e0   PWRM_PWRM_SHAREDRESOURCEFXN
1180b8e0   PWRM_PWRM_SLOTHOOKFXN
1180b8e0   TSK_VCREATEFXN
1180b8e0   TSK_VDELETEFXN
1180b8e0   TSK_VEXITFXN
1180b8e0   _BCACHE_bootInit
1180b8e0   _FXN_F_nop
1180b900   _GBL_getVersion
1180b920   IDL_F_loop
1180b920   _IDL_loop
1180b940   _STS_set
1180b960   SYS_ERRORFXN
1180b960   _UTL_doError
1180b980   SYS_EXITFXN
1180b980   _UTL_halt
1180b9a0   CLK_F_gethtime
1180b9a0   CLK_TIMEFXN
1180b9a0   _CLK_gethtime
1180b9c0   IRAM$B
1180b9c0   _IRAM_base
1180d9c0   BIOS_init
1180d9c0   _BIOS_init
1180db44   BIOS$$CLKON
1180db84   BIOS$$CLKOFF
1180dbf0   BIOS_start
1180dbf0   _BIOS_start
1180dd40   _c_int00
1180de00   _MEM_init
1180dec0   _TSK_init
1180df20   PIP_A_TABBEG
1180df20   RTA_fromHost$pipe
1180df20   _PIP_A_TABBEG
1180df24   RTA_fromHost$pipe$rd
1180df50   RTA_fromHost$pipe$aaa
1180df54   RTA_fromHost$pipe$wr
1180df80   RTA_fromHost$pipe$bbb
1180df84   RTA_toHost$pipe
1180df88   RTA_toHost$pipe$rd
1180dfb4   RTA_toHost$pipe$aaa
1180dfb8   RTA_toHost$pipe$wr
1180dfe4   RTA_toHost$pipe$bbb
1180dfe8   PIP_A_TABEND
1180dfe8   RTA_fromHost$buf
1180dfe8   _PIP_A_TABEND
1180dff8   CLK_A_TABBEG
1180dff8   PRD_clock
1180dff8   _PRD_clock
1180dffc   CLK_null
1180e000   trace$buf
1180f000   _HSRTDX_rec
1180f2a0   _RTDX_Buffer_WriteCB
1180f760   _HSRTDX_xmt
1180fa60   _RTDX_Mon_Queue
1180fcc0   _RTDX_Poll
1180fd60   _RTDX_Final_RT_Monitor
1180fde0   _RTDX_Buffer_Initialize
1180fe40   _RTDX_Init_RT_Monitor
1180fea0   _RTDX_Buffer_ReadCB
1180fee0   _RTDX_Buffer_Size
1180ff20   _RTDX_memfill
1180ff60   _RTDX_Buffer_Read
1180ff80   _RTDX_Buffer_Write
1180ffa0   _RTDX_Mask_IER
1180ffc0   ___cinit__
1180ffc0   cinit
11810f80   __ftable
11811160   __tmpnams
118112a0   __ft_end
118112a4   _CLK_inputClock
118112a8   ___atexit_func_id__
11811550   _KNL_queues
118115f0   _KNL_dummy
118116f8   _TSK_ATTRS
11811714   _TSK_config
11811734   _TSK_timerSem
11811754   _dtors
11811758   _OBJ_table
11811790   _OBJ_segtab
118117ac   __TSK_mutex
118117d4   __MEM_mutex
11811800   _SYS_exitStack
11811838   _EXC_status
11811864   __cleanup_ptr
11811868   __dtors_ptr
1181186c   ___TI_enable_exit_profile_output
11811870   __lock
11811874   __unlock
11811900   _RTDX_Buffer
11811d08   _RTDX_Buffer_Start
11811d0c   _RTDX_Buffer_End
11811d10   _rtdx_mon_state
11811d54   _rtdx_buffer_state
11811d60   _RTDX_writing
11811d74   _SYS_PUTCBEG
11811f73   _SYS_PUTCEND
11811f80   TSK_idle
11811f80   _TSK_idle
11811fd4   KNL_swi
11811fd4   SWI_A_TABBEG
11811fd4   _KNL_swi
11812000   LOG_system$buf
11812000   SWI_A_TABEND
11812998   __ctypes_
11812aa0   _bitval_u32
11812c19   KNL_swi$sts$maxfmt
11812c20   TSK_idle$stack
11812c21   KNL_swi$sts$sumfmt
11812c29   KNL_swi$sts$avgfmt
11812c33   TSK_idle$sts$maxfmt
11812c3b   TSK_idle$sts$sumfmt
11812c43   TSK_idle$sts$avgfmt
11812c4d   IDL_busyObj$maxfmt
11812c50   IDL_busyObj$sumfmt
11812c53   IDL_busyObj$avgfmt
11812fb8   TSK_idle$stkptr
11813020   GBL_stackbeg
11813020   _HWI_STKTOP
11813020   __stack
11813418   _HWI_STKBOTTOM
1181341f   GBL_stackend
11813420   $bss
11813420   .bss
11813420   _HWI_dispatchTab
11813420   __STACK_END
11813420   ___bss__
11813520   IDL_D_tabbeg
11813524   IDL_D_calibrate
11813528   IDL_D_calbeg
1181352c   LOG_D_system
1181352c   _LOG_D_system
11813530   PIP_D_tabbeg
11813534   PIP_D_tablen
11813538   CLK_R_time
1181353c   CLK_D_timefxn
11813540   CLK_D_tabbeg
11813544   CLK_D_isrhook
11813548   CLK_D_idletime
1181354c   _CLK_htimeDiv
11813550   _CLK_htimeMult
11813554   _CLK_ltimeDiv
11813558   _CLK_ltimeMult
1181355c   _CLK_D_dirty
11813560   _CLK_D_prd
11813564   _CLK_D_tddr
11813568   _CLK_D_countspms
1181356c   PRD_D_tick
1181356c   _PRD_D_tick
11813570   PRD_D_cur
11813574   PRD_D_elapsed
11813578   PRD_D_prevtim
1181357c   PRD_D_scalar
11813580   PRD_D_swihandle
11813584   PRD_D_tabbeg
11813588   PRD_D_tablen
1181358c   PRD_D_thook
11813590   RTA_D_fromHost
11813594   RTA_D_toHost
11813598   RTA_D_logval
118135a8   RTA_D_stsval
118135b4   HST_D_chanmask
118135b8   HST_D_tabbeg
118135bc   HST_D_tabend
118135c0   _GBL_procId
118135c4   _GBL_clkIn
118135c8   _GBL_freq
118135cc   _MEM_D_NUMSEGMENTS
118135d0   _MEM_D_memtab
118135d4   _MEM_D_freelist
118135d8   _MEM_D_lockaddr
118135dc   _MEM_D_unlockaddr
118135e0   _SYS
118135e4   __HOOK_knlId
118135e8   __HOOK_NUMHOOKS
118135ec   SWI_D_runaddr
118135ec   _SWI_D_runaddr
118135ec   _SWI_data
118135f0   SWI_D_execaddr
118135f0   _SWI_D_execaddr
118135f4   SWI_D_curmask
118135f4   _SWI_D_curmask
118135f8   SWI_D_curset
118135f8   _SWI_D_curset
118135fc   SWI_D_lock
118135fc   _SWI_D_lock
11813600   SWI_D_curmbox
11813604   SWI_D_curfxn
11813604   _SWI_D_curfxn
11813608   SWI_D_rdybeg
11813608   _SWI_D_rdybeg
1181360c   SWI_D_inswi
1181360c   _SWI_D_inswi
11813610   SWI_D_rdytab
11813688   _KNL_wFlag
1181368c   _KNL_wList
11813690   _KNL_alarm
11813694   _KNL_setpri
11813698   _KNL_inactive
1181369c   _KNL_priority
118136a0   _KNL_set
118136a4   _KNL_curtask
118136a8   _KNL_prevtask
118136ac   _KNL_curtime
118136b0   _KNL_swiptr
118136b4   _KNL_curqueue
118136b8   _KNL_maxqueue
118136bc   _KNL_tswitchfxn
118136c0   _KNL_tcreatefxn
118136c4   _KNL_tdeletefxn
118136c8   _KNL_treadyfxn
118136cc   _KNL_idlefxn
118136d0   _MEM_memtab
118136dc   HST_DSMBUFSEG
118136dc   IRAM
118136dc   MEM_MALLOCSEG
118136dc   MEM_SEGZERO
118136dc   RTDX_DATAMEMSEG
118136dc   _IRAM
118136dc   _SEG0
118136e0   RTA_fromHost$pipe$dtab
118136ec   RTA_toHost$pipe$dtab
118136f8   _EXC_sysTrapTable
11813700   _EXC_returnPtr
11813718   HWI_D_spsave
11813718   _HWI_D_spsave
11813718   _HWI_data
11813724   _HWI_D_inhwi
11813728   HWI_D_bss
1181372c   HWI_D_ccmask
11813730   LNK_dspFrameRequestMask
11813730   _LNK_dspFrameRequestMask
11813734   LNK_dspFrameReadyMask
11813734   _LNK_dspFrameReadyMask
11813738   LNK_readPend
11813738   _LNK_readPend
1181373c   LNK_readDone
1181373c   _LNK_readDone
11813740   LNK_readFail
11813740   _LNK_readFail
11813744   LNK_writeFail
11813744   _LNK_writeFail
11813748   _EXC_exceptionHook
1181374c   _EXC_internalHook
11813750   _EXC_externalHook
11813754   _EXC_nmiHook
11813760   _rtdxNullChanCnt
11813764   _rtdxNullFuncCnt
11813768   _rtdxXmtNotDoneCnt
1181376c   _rtdxRecNotDoneCnt
11813770   _rtdxXmtRestartCnt
11813774   _rtdxXmtErrorCnt
11813778   _TSK_nTasks
1181377c   _TSK_pid
11813780   _TSK
11813784   _CLK_DFLTMICROSECS
11813788   _CLK_D_microseconds
1181378c   _SYS_exitStackPtr
11813790   _SYS_exitStackTop
11813794   _CLK_htimePerLtime
11813798   IDL_D_busyObj
1181379c   _MEM
118137a4   ___end__
118137a4   end
118137f0   IDL_A_TABBEG
118137f0   IDL_cpuLoad
118137f0   _IDL_cpuLoad
118137f4   LNK_dataPump
118137f4   _LNK_dataPump
118137f8   RTA_dispatcher
118137f8   _RTA_dispatcher
118137fc   IDL_END
11813800   HWI_A_VECS
11813800   hwi0
11813820   hwi1
11813840   hwi2
11813860   hwi3
11813880   hwi4
118138a0   hwi5
118138c0   hwi6
118138e0   hwi7
11813900   hwi8
11813920   hwi9
11813940   hwi10
11813960   hwi11
11813980   hwi12
118139a0   hwi13
118139c0   hwi14
118139e0   hwi15
11813a00   __CIOBUF_
11813b20   RTA_toHost$buf
11813c64   HST_A_TABBEG
11813c64   _HST_A_TABBEG
11813c68   RTA_fromHost
11813c68   _RTA_fromHost
11813c70   RTA_fromHost$rtdx
11813c84   RTA_toHost
11813c84   _RTA_toHost
11813c8c   RTA_toHost$rtdx
11813ca0   HST_A_TABEND
11813ca0   LOG_A_TABBEG
11813ca0   LOG_system
11813ca0   _HST_A_TABEND
11813ca0   _LOG_A_TABBEG
11813ca0   _LOG_system
11813cb8   _trace
11813cb8   trace
11813cd0   KNL_swi$sts$stsobj
11813cd0   LOG_A_TABEND
11813cd0   STS_A_TABBEG
11813cd0   _LOG_A_TABEND
11813cd0   _STS_A_TABBEG
11813cd4   KNL_swi$sts
11813ce0   TSK_idle$sts$stsobj
11813ce4   TSK_idle$sts
11813cf0   IDL_busyObj$stsobj
11813cf4   IDL_busyObj
11813cf4   _IDL_busyObj
11813d00   IDL_A_CALBEG
11813d00   IDL_cpuLoad$
11813d00   STS_A_TABEND
11813d00   _STS_A_TABEND
11813d04   LNK_dataPump$
11813d08   RTA_dispatcher$
11813d0c   IDL_END$
11813d10   SYS$config
11813d20   ___pinit__
11813d20   pinit
11813d2c   TRC_cinit
11813d30   TRC_R_mask
11813d30   _TRC_R_mask
11813d34   GBL_initdone
28040d0c   HWI_INTRMUX3
ffffffff   CACHE_L1D
ffffffff   CACHE_L1P
ffffffff   DDR
ffffffff   ECM_EVTMASK0
ffffffff   ECM_EVTMASK1
ffffffff   ECM_EVTMASK2
ffffffff   ECM_EVTMASK3
ffffffff   GBL_L2MAR192_223
ffffffff   L3_CBA_RAM
ffffffff   _CACHE_L1D
ffffffff   _CACHE_L1P
ffffffff   _DDR
ffffffff   _L3_CBA_RAM
ffffffff   ___TI_pprof_out_hndl
ffffffff   ___TI_prof_data_size
ffffffff   ___TI_prof_data_start
ffffffff   ___binit__
ffffffff   ___c_args__
ffffffff   binit

[1099 symbols]
