<?xml version="1.0"?>
<link_info>
   <banner>TMS320C6x Linker PC v7.3.23</banner>
   <copyright>Copyright (c) 1996-2015 Texas Instruments Incorporated</copyright>
   <link_time>0x67c9ca9f</link_time>
   <output_file>Lab3.out</output_file>
   <entry_point>
      <name>_c_int00</name>
      <address>0x1180dd40</address>
   </entry_point>
   <input_file_list>
      <input_file id="fl-2">
         <path>.\</path>
         <kind>object</kind>
         <file>framework.obj</file>
         <name>framework.obj</name>
      </input_file>
      <input_file id="fl-3">
         <path>.\</path>
         <kind>object</kind>
         <file>hello.obj</file>
         <name>hello.obj</name>
      </input_file>
      <input_file id="fl-4">
         <path>.\</path>
         <kind>object</kind>
         <file>hellocfg.obj</file>
         <name>hellocfg.obj</name>
      </input_file>
      <input_file id="fl-5">
         <path>.\</path>
         <kind>object</kind>
         <file>hellocfg_c.obj</file>
         <name>hellocfg_c.obj</name>
      </input_file>
      <input_file id="fl-7c">
         <path>C:\ti\bios_5_42_01_09\packages\ti\bios\lib\</path>
         <kind>archive</kind>
         <file>bios.a674</file>
         <name>biosdata.o674</name>
      </input_file>
      <input_file id="fl-7d">
         <path>C:\ti\bios_5_42_01_09\packages\ti\bios\lib\</path>
         <kind>archive</kind>
         <file>bios.a674</file>
         <name>hwi_disp_asm.o674</name>
      </input_file>
      <input_file id="fl-7e">
         <path>C:\ti\bios_5_42_01_09\packages\ti\bios\lib\</path>
         <kind>archive</kind>
         <file>bios.a674</file>
         <name>idl_stub.o674</name>
      </input_file>
      <input_file id="fl-7f">
         <path>C:\ti\bios_5_42_01_09\packages\ti\bios\lib\</path>
         <kind>archive</kind>
         <file>lnkrtdx.a674</file>
         <name>rtdx.o674</name>
      </input_file>
      <input_file id="fl-80">
         <path>C:\ti\bios_5_42_01_09\packages\ti\bios\lib\</path>
         <kind>archive</kind>
         <file>bios.a674</file>
         <name>swi.o674</name>
      </input_file>
      <input_file id="fl-81">
         <path>C:\ti\bios_5_42_01_09\packages\ti\bios\lib\</path>
         <kind>archive</kind>
         <file>bios6748.a674</file>
         <name>clk_gethtime.o674</name>
      </input_file>
      <input_file id="fl-82">
         <path>C:\ti\bios_5_42_01_09\packages\ti\bios\lib\</path>
         <kind>archive</kind>
         <file>bios.a674</file>
         <name>fxn_c.o674</name>
      </input_file>
      <input_file id="fl-83">
         <path>C:\ti\bios_5_42_01_09\packages\ti\bios\lib\</path>
         <kind>archive</kind>
         <file>bios.a674</file>
         <name>knl_tick.o674</name>
      </input_file>
      <input_file id="fl-84">
         <path>C:\ti\bios_5_42_01_09\packages\ti\bios\lib\</path>
         <kind>archive</kind>
         <file>bios.a674</file>
         <name>utl_doab.o674</name>
      </input_file>
      <input_file id="fl-85">
         <path>C:\ti\bios_5_42_01_09\packages\ti\bios\lib\</path>
         <kind>archive</kind>
         <file>bios.a674</file>
         <name>utl_doer.o674</name>
      </input_file>
      <input_file id="fl-86">
         <path>C:\ti\bios_5_42_01_09\packages\ti\bios\lib\</path>
         <kind>archive</kind>
         <file>bios.a674</file>
         <name>utl_putc.o674</name>
      </input_file>
      <input_file id="fl-87">
         <path>C:\ti\bios_5_42_01_09\packages\ti\bios\lib\</path>
         <kind>archive</kind>
         <file>bios.a674</file>
         <name>utl_halt.o674</name>
      </input_file>
      <input_file id="fl-88">
         <path>C:\ti\bios_5_42_01_09\packages\ti\bios\lib\</path>
         <kind>archive</kind>
         <file>bios6748.a674</file>
         <name>clk.o674</name>
      </input_file>
      <input_file id="fl-89">
         <path>C:\ti\bios_5_42_01_09\packages\ti\bios\lib\</path>
         <kind>archive</kind>
         <file>bios.a674</file>
         <name>fxn.o674</name>
      </input_file>
      <input_file id="fl-8a">
         <path>C:\ti\bios_5_42_01_09\packages\ti\bios\lib\</path>
         <kind>archive</kind>
         <file>bios.a674</file>
         <name>boot.o674</name>
      </input_file>
      <input_file id="fl-8b">
         <path>C:\ti\bios_5_42_01_09\packages\ti\bios\lib\</path>
         <kind>archive</kind>
         <file>bios.a674</file>
         <name>trc.o674</name>
      </input_file>
      <input_file id="fl-8c">
         <path>C:\ti\bios_5_42_01_09\packages\ti\bios\lib\</path>
         <kind>archive</kind>
         <file>bios.a674</file>
         <name>hwi.o674</name>
      </input_file>
      <input_file id="fl-8d">
         <path>C:\ti\bios_5_42_01_09\packages\ti\bios\lib\</path>
         <kind>archive</kind>
         <file>bios.a674</file>
         <name>idl_busy.o674</name>
      </input_file>
      <input_file id="fl-8e">
         <path>C:\ti\bios_5_42_01_09\packages\ti\bios\lib\</path>
         <kind>archive</kind>
         <file>bios6748.a674</file>
         <name>idl_cal.o674</name>
      </input_file>
      <input_file id="fl-8f">
         <path>C:\ti\bios_5_42_01_09\packages\ti\bios\lib\</path>
         <kind>archive</kind>
         <file>bios.a674</file>
         <name>idl.o674</name>
      </input_file>
      <input_file id="fl-90">
         <path>C:\ti\bios_5_42_01_09\packages\ti\bios\lib\</path>
         <kind>archive</kind>
         <file>bios.a674</file>
         <name>knl_swit.o674</name>
      </input_file>
      <input_file id="fl-91">
         <path>C:\ti\bios_5_42_01_09\packages\ti\bios\lib\</path>
         <kind>archive</kind>
         <file>bios.a674</file>
         <name>log.o674</name>
      </input_file>
      <input_file id="fl-92">
         <path>C:\ti\bios_5_42_01_09\packages\ti\bios\lib\</path>
         <kind>archive</kind>
         <file>bios.a674</file>
         <name>pip.o674</name>
      </input_file>
      <input_file id="fl-93">
         <path>C:\ti\bios_5_42_01_09\packages\ti\bios\lib\</path>
         <kind>archive</kind>
         <file>bios.a674</file>
         <name>prd.o674</name>
      </input_file>
      <input_file id="fl-94">
         <path>C:\ti\bios_5_42_01_09\packages\ti\bios\lib\</path>
         <kind>archive</kind>
         <file>bios.a674</file>
         <name>rta.o674</name>
      </input_file>
      <input_file id="fl-95">
         <path>C:\ti\bios_5_42_01_09\packages\ti\bios\lib\</path>
         <kind>archive</kind>
         <file>bios.a674</file>
         <name>rta_andn.o674</name>
      </input_file>
      <input_file id="fl-96">
         <path>C:\ti\bios_5_42_01_09\packages\ti\bios\lib\</path>
         <kind>archive</kind>
         <file>bios.a674</file>
         <name>sts.o674</name>
      </input_file>
      <input_file id="fl-97">
         <path>C:\ti\bios_5_42_01_09\packages\ti\bios\lib\</path>
         <kind>archive</kind>
         <file>bios.a674</file>
         <name>clk_data.o674</name>
      </input_file>
      <input_file id="fl-98">
         <path>C:\ti\bios_5_42_01_09\packages\ti\bios\lib\</path>
         <kind>archive</kind>
         <file>bios.a674</file>
         <name>clk_data2.o674</name>
      </input_file>
      <input_file id="fl-99">
         <path>C:\ti\bios_5_42_01_09\packages\ti\bios\lib\</path>
         <kind>archive</kind>
         <file>bios6748.a674</file>
         <name>clk_data.o674</name>
      </input_file>
      <input_file id="fl-9a">
         <path>C:\ti\bios_5_42_01_09\packages\ti\bios\lib\</path>
         <kind>archive</kind>
         <file>bios6748.a674</file>
         <name>clk_meas.o674</name>
      </input_file>
      <input_file id="fl-9b">
         <path>C:\ti\c6748\bsl\lib\</path>
         <kind>archive</kind>
         <file>evmc6748_bsl.lib</file>
         <name>evmc6748_dip.obj</name>
      </input_file>
      <input_file id="fl-9c">
         <path>C:\ti\c6748\bsl\lib\</path>
         <kind>archive</kind>
         <file>evmc6748_bsl.lib</file>
         <name>evmc6748.obj</name>
      </input_file>
      <input_file id="fl-9d">
         <path>C:\ti\bios_5_42_01_09\packages\ti\bios\lib\</path>
         <kind>archive</kind>
         <file>bios.a674</file>
         <name>exc_asm.o674</name>
      </input_file>
      <input_file id="fl-9e">
         <path>C:\ti\bios_5_42_01_09\packages\ti\bios\lib\</path>
         <kind>archive</kind>
         <file>bios.a674</file>
         <name>exc.o674</name>
      </input_file>
      <input_file id="fl-9f">
         <path>C:\ti\bios_5_42_01_09\packages\ti\bios\lib\</path>
         <kind>archive</kind>
         <file>bios.a674</file>
         <name>gbl_cacheinit64P.o674</name>
      </input_file>
      <input_file id="fl-a0">
         <path>C:\ti\bios_5_42_01_09\packages\ti\bios\lib\</path>
         <kind>archive</kind>
         <file>bios6748.a674</file>
         <name>bcache_init.o674</name>
      </input_file>
      <input_file id="fl-a1">
         <path>C:\ti\bios_5_42_01_09\packages\ti\bios\lib\</path>
         <kind>archive</kind>
         <file>bios.a674</file>
         <name>gbl_vers.o674</name>
      </input_file>
      <input_file id="fl-a2">
         <path>C:\ti\c6748\bsl\lib\</path>
         <kind>archive</kind>
         <file>evmc6748_bsl.lib</file>
         <name>evmc6748_gpio.obj</name>
      </input_file>
      <input_file id="fl-a3">
         <path>C:\ti\bios_5_42_01_09\packages\ti\rtdx\lib\c6000\</path>
         <kind>archive</kind>
         <file>rtdx64xplus.lib</file>
         <name>rtdx_mon.o64P</name>
      </input_file>
      <input_file id="fl-a4">
         <path>C:\ti\bios_5_42_01_09\packages\ti\bios\lib\</path>
         <kind>archive</kind>
         <file>bios.a674</file>
         <name>hwi_c.o674</name>
      </input_file>
      <input_file id="fl-a5">
         <path>C:\ti\c6748\bsl\lib\</path>
         <kind>archive</kind>
         <file>evmc6748_bsl.lib</file>
         <name>evmc6748_i2c_gpio.obj</name>
      </input_file>
      <input_file id="fl-a6">
         <path>C:\ti\c6748\bsl\lib\</path>
         <kind>archive</kind>
         <file>evmc6748_bsl.lib</file>
         <name>evmc6748_i2c.obj</name>
      </input_file>
      <input_file id="fl-a7">
         <path>C:\ti\bios_5_42_01_09\packages\ti\bios\lib\</path>
         <kind>archive</kind>
         <file>bios.a674</file>
         <name>knl.o674</name>
      </input_file>
      <input_file id="fl-a8">
         <path>C:\ti\bios_5_42_01_09\packages\ti\bios\lib\</path>
         <kind>archive</kind>
         <file>bios.a674</file>
         <name>knl_exit.o674</name>
      </input_file>
      <input_file id="fl-a9">
         <path>C:\ti\bios_5_42_01_09\packages\ti\bios\lib\</path>
         <kind>archive</kind>
         <file>bios.a674</file>
         <name>knl_chec.o674</name>
      </input_file>
      <input_file id="fl-aa">
         <path>C:\ti\bios_5_42_01_09\packages\ti\bios\lib\</path>
         <kind>archive</kind>
         <file>bios.a674</file>
         <name>knl_post.o674</name>
      </input_file>
      <input_file id="fl-ab">
         <path>C:\ti\bios_5_42_01_09\packages\ti\bios\lib\</path>
         <kind>archive</kind>
         <file>bios.a674</file>
         <name>knl_ipos.o674</name>
      </input_file>
      <input_file id="fl-ac">
         <path>C:\ti\bios_5_42_01_09\packages\ti\bios\lib\</path>
         <kind>archive</kind>
         <file>bios.a674</file>
         <name>knl_run.o674</name>
      </input_file>
      <input_file id="fl-ad">
         <path>C:\ti\c6748\bsl\lib\</path>
         <kind>archive</kind>
         <file>evmc6748_bsl.lib</file>
         <name>evmc6748_led.obj</name>
      </input_file>
      <input_file id="fl-ae">
         <path>C:\ti\bios_5_42_01_09\packages\ti\bios\lib\</path>
         <kind>archive</kind>
         <file>bios.a674</file>
         <name>mem_asm.o674</name>
      </input_file>
      <input_file id="fl-af">
         <path>C:\ti\bios_5_42_01_09\packages\ti\bios\lib\</path>
         <kind>archive</kind>
         <file>bios.a674</file>
         <name>mem_init.o674</name>
      </input_file>
      <input_file id="fl-b0">
         <path>C:\ti\bios_5_42_01_09\packages\ti\bios\lib\</path>
         <kind>archive</kind>
         <file>bios.a674</file>
         <name>obj_init.o674</name>
      </input_file>
      <input_file id="fl-b1">
         <path>C:\ti\bios_5_42_01_09\packages\ti\rtdx\lib\c6000\</path>
         <kind>archive</kind>
         <file>rtdx64xplus.lib</file>
         <name>buffer2.o64P</name>
      </input_file>
      <input_file id="fl-b2">
         <path>C:\ti\bios_5_42_01_09\packages\ti\rtdx\lib\c6000\</path>
         <kind>archive</kind>
         <file>rtdx64xplus.lib</file>
         <name>buffer1.o64P</name>
      </input_file>
      <input_file id="fl-b3">
         <path>C:\ti\bios_5_42_01_09\packages\ti\rtdx\lib\c6000\</path>
         <kind>archive</kind>
         <file>rtdx64xplus.lib</file>
         <name>intr_tgt.o64P</name>
      </input_file>
      <input_file id="fl-b4">
         <path>C:\ti\bios_5_42_01_09\packages\ti\rtdx\lib\c6000\</path>
         <kind>archive</kind>
         <file>rtdx64xplus.lib</file>
         <name>memfill.o64P</name>
      </input_file>
      <input_file id="fl-b5">
         <path>C:\ti\bios_5_42_01_09\packages\ti\bios\lib\</path>
         <kind>archive</kind>
         <file>bios.a674</file>
         <name>sts_set.o674</name>
      </input_file>
      <input_file id="fl-b6">
         <path>C:\ti\bios_5_42_01_09\packages\ti\bios\lib\</path>
         <kind>archive</kind>
         <file>bios.a674</file>
         <name>sys_abor.o674</name>
      </input_file>
      <input_file id="fl-b7">
         <path>C:\ti\bios_5_42_01_09\packages\ti\bios\lib\</path>
         <kind>archive</kind>
         <file>bios.a674</file>
         <name>tsk.o674</name>
      </input_file>
      <input_file id="fl-b8">
         <path>C:\ti\bios_5_42_01_09\packages\ti\bios\lib\</path>
         <kind>archive</kind>
         <file>bios.a674</file>
         <name>tsk_exit.o674</name>
      </input_file>
      <input_file id="fl-b9">
         <path>C:\ti\bios_5_42_01_09\packages\ti\bios\lib\</path>
         <kind>archive</kind>
         <file>bios.a674</file>
         <name>sys_exit.o674</name>
      </input_file>
      <input_file id="fl-ba">
         <path>C:\ti\bios_5_42_01_09\packages\ti\bios\lib\</path>
         <kind>archive</kind>
         <file>bios.a674</file>
         <name>sys.o674</name>
      </input_file>
      <input_file id="fl-bb">
         <path>C:\ti\bios_5_42_01_09\packages\ti\bios\lib\</path>
         <kind>archive</kind>
         <file>bios.a674</file>
         <name>tsk_init.o674</name>
      </input_file>
      <input_file id="fl-bc">
         <path>C:\ti\bios_5_42_01_09\packages\ti\bios\lib\</path>
         <kind>archive</kind>
         <file>bios.a674</file>
         <name>tsk_setu.o674</name>
      </input_file>
      <input_file id="fl-bd">
         <path>C:\ti\bios_5_42_01_09\packages\ti\bios\lib\</path>
         <kind>archive</kind>
         <file>bios.a674</file>
         <name>tsk_stup.o674</name>
      </input_file>
      <input_file id="fl-be">
         <path>C:\ti\bios_5_42_01_09\packages\ti\bios\lib\</path>
         <kind>archive</kind>
         <file>bios.a674</file>
         <name>lck.o674</name>
      </input_file>
      <input_file id="fl-bf">
         <path>C:\ti\bios_5_42_01_09\packages\ti\bios\lib\</path>
         <kind>archive</kind>
         <file>bios.a674</file>
         <name>sem_pend_counting.o674</name>
      </input_file>
      <input_file id="fl-c0">
         <path>C:\ti\bios_5_42_01_09\packages\ti\bios\lib\</path>
         <kind>archive</kind>
         <file>bios.a674</file>
         <name>sem_pend.o674</name>
      </input_file>
      <input_file id="fl-c1">
         <path>C:\ti\bios_5_42_01_09\packages\ti\bios\lib\</path>
         <kind>archive</kind>
         <file>bios.a674</file>
         <name>sem_post_asm.o674</name>
      </input_file>
      <input_file id="fl-c2">
         <path>C:\ti\bios_5_42_01_09\packages\ti\bios\lib\</path>
         <kind>archive</kind>
         <file>bios.a674</file>
         <name>sem_post.o674</name>
      </input_file>
      <input_file id="fl-c3">
         <path>C:\ti\bios_5_42_01_09\packages\ti\bios\lib\</path>
         <kind>archive</kind>
         <file>bios.a674</file>
         <name>sem_dopo.o674</name>
      </input_file>
      <input_file id="fl-c4">
         <path>C:\ti\bios_5_42_01_09\packages\ti\bios\lib\</path>
         <kind>archive</kind>
         <file>bios.a674</file>
         <name>autoinit.o674</name>
      </input_file>
      <input_file id="fl-c5">
         <path>C:\ti\ccs1271\ccs\tools\compiler\c6000_7.3.23\lib\</path>
         <kind>archive</kind>
         <file>rts6740.lib</file>
         <name>_lock.obj</name>
      </input_file>
      <input_file id="fl-c6">
         <path>C:\ti\ccs1271\ccs\tools\compiler\c6000_7.3.23\lib\</path>
         <kind>archive</kind>
         <file>rts6740.lib</file>
         <name>atexit.obj</name>
      </input_file>
      <input_file id="fl-c7">
         <path>C:\ti\ccs1271\ccs\tools\compiler\c6000_7.3.23\lib\</path>
         <kind>archive</kind>
         <file>rts6740.lib</file>
         <name>sinit.obj</name>
      </input_file>
      <input_file id="fl-c8">
         <path>C:\ti\ccs1271\ccs\tools\compiler\c6000_7.3.23\lib\</path>
         <kind>archive</kind>
         <file>rts6740.lib</file>
         <name>exit.obj</name>
      </input_file>
      <input_file id="fl-c9">
         <path>C:\ti\ccs1271\ccs\tools\compiler\c6000_7.3.23\lib\</path>
         <kind>archive</kind>
         <file>rts6740.lib</file>
         <name>memcpy64.obj</name>
      </input_file>
      <input_file id="fl-ca">
         <path>C:\ti\ccs1271\ccs\tools\compiler\c6000_7.3.23\lib\</path>
         <kind>archive</kind>
         <file>rts6740.lib</file>
         <name>printf.obj</name>
      </input_file>
      <input_file id="fl-cb">
         <path>C:\ti\ccs1271\ccs\tools\compiler\c6000_7.3.23\lib\</path>
         <kind>archive</kind>
         <file>rts6740.lib</file>
         <name>defs.obj</name>
      </input_file>
      <input_file id="fl-cc">
         <path>C:\ti\ccs1271\ccs\tools\compiler\c6000_7.3.23\lib\</path>
         <kind>archive</kind>
         <file>rts6740.lib</file>
         <name>_printfi.obj</name>
      </input_file>
      <input_file id="fl-cd">
         <path>C:\ti\ccs1271\ccs\tools\compiler\c6000_7.3.23\lib\</path>
         <kind>archive</kind>
         <file>rts6740.lib</file>
         <name>isinf.obj</name>
      </input_file>
      <input_file id="fl-ce">
         <path>C:\ti\ccs1271\ccs\tools\compiler\c6000_7.3.23\lib\</path>
         <kind>archive</kind>
         <file>rts6740.lib</file>
         <name>divd.obj</name>
      </input_file>
      <input_file id="fl-cf">
         <path>C:\ti\ccs1271\ccs\tools\compiler\c6000_7.3.23\lib\</path>
         <kind>archive</kind>
         <file>rts6740.lib</file>
         <name>divu.obj</name>
      </input_file>
      <input_file id="fl-d0">
         <path>C:\ti\ccs1271\ccs\tools\compiler\c6000_7.3.23\lib\</path>
         <kind>archive</kind>
         <file>rts6740.lib</file>
         <name>imath40.obj</name>
      </input_file>
      <input_file id="fl-d1">
         <path>C:\ti\ccs1271\ccs\tools\compiler\c6000_7.3.23\lib\</path>
         <kind>archive</kind>
         <file>rts6740.lib</file>
         <name>imath64.obj</name>
      </input_file>
      <input_file id="fl-d2">
         <path>C:\ti\ccs1271\ccs\tools\compiler\c6000_7.3.23\lib\</path>
         <kind>archive</kind>
         <file>rts6740.lib</file>
         <name>fixdli.obj</name>
      </input_file>
      <input_file id="fl-d3">
         <path>C:\ti\ccs1271\ccs\tools\compiler\c6000_7.3.23\lib\</path>
         <kind>archive</kind>
         <file>rts6740.lib</file>
         <name>fltlid.obj</name>
      </input_file>
      <input_file id="fl-d4">
         <path>C:\ti\ccs1271\ccs\tools\compiler\c6000_7.3.23\lib\</path>
         <kind>archive</kind>
         <file>rts6740.lib</file>
         <name>frcmpyd_div.obj</name>
      </input_file>
      <input_file id="fl-d5">
         <path>C:\ti\ccs1271\ccs\tools\compiler\c6000_7.3.23\lib\</path>
         <kind>archive</kind>
         <file>rts6740.lib</file>
         <name>llshift.obj</name>
      </input_file>
      <input_file id="fl-d6">
         <path>C:\ti\ccs1271\ccs\tools\compiler\c6000_7.3.23\lib\</path>
         <kind>archive</kind>
         <file>rts6740.lib</file>
         <name>negll.obj</name>
      </input_file>
      <input_file id="fl-d7">
         <path>C:\ti\ccs1271\ccs\tools\compiler\c6000_7.3.23\lib\</path>
         <kind>archive</kind>
         <file>rts6740.lib</file>
         <name>atoi.obj</name>
      </input_file>
      <input_file id="fl-d8">
         <path>C:\ti\ccs1271\ccs\tools\compiler\c6000_7.3.23\lib\</path>
         <kind>archive</kind>
         <file>rts6740.lib</file>
         <name>ctype.obj</name>
      </input_file>
      <input_file id="fl-d9">
         <path>C:\ti\ccs1271\ccs\tools\compiler\c6000_7.3.23\lib\</path>
         <kind>archive</kind>
         <file>rts6740.lib</file>
         <name>fputc.obj</name>
      </input_file>
      <input_file id="fl-da">
         <path>C:\ti\ccs1271\ccs\tools\compiler\c6000_7.3.23\lib\</path>
         <kind>archive</kind>
         <file>rts6740.lib</file>
         <name>fflush.obj</name>
      </input_file>
      <input_file id="fl-db">
         <path>C:\ti\ccs1271\ccs\tools\compiler\c6000_7.3.23\lib\</path>
         <kind>archive</kind>
         <file>rts6740.lib</file>
         <name>_io_perm.obj</name>
      </input_file>
      <input_file id="fl-dc">
         <path>C:\ti\ccs1271\ccs\tools\compiler\c6000_7.3.23\lib\</path>
         <kind>archive</kind>
         <file>rts6740.lib</file>
         <name>fputs.obj</name>
      </input_file>
      <input_file id="fl-dd">
         <path>C:\ti\ccs1271\ccs\tools\compiler\c6000_7.3.23\lib\</path>
         <kind>archive</kind>
         <file>rts6740.lib</file>
         <name>fseek.obj</name>
      </input_file>
      <input_file id="fl-de">
         <path>C:\ti\ccs1271\ccs\tools\compiler\c6000_7.3.23\lib\</path>
         <kind>archive</kind>
         <file>rts6740.lib</file>
         <name>abs.obj</name>
      </input_file>
      <input_file id="fl-df">
         <path>C:\ti\ccs1271\ccs\tools\compiler\c6000_7.3.23\lib\</path>
         <kind>archive</kind>
         <file>rts6740.lib</file>
         <name>lowlev.obj</name>
      </input_file>
      <input_file id="fl-e0">
         <path>C:\ti\ccs1271\ccs\tools\compiler\c6000_7.3.23\lib\</path>
         <kind>archive</kind>
         <file>rts6740.lib</file>
         <name>trgdrv.obj</name>
      </input_file>
      <input_file id="fl-e1">
         <path>C:\ti\ccs1271\ccs\tools\compiler\c6000_7.3.23\lib\</path>
         <kind>archive</kind>
         <file>rts6740.lib</file>
         <name>ltoa.obj</name>
      </input_file>
      <input_file id="fl-e2">
         <path>C:\ti\ccs1271\ccs\tools\compiler\c6000_7.3.23\lib\</path>
         <kind>archive</kind>
         <file>rts6740.lib</file>
         <name>memccpy.obj</name>
      </input_file>
      <input_file id="fl-e3">
         <path>C:\ti\ccs1271\ccs\tools\compiler\c6000_7.3.23\lib\</path>
         <kind>archive</kind>
         <file>rts6740.lib</file>
         <name>memset.obj</name>
      </input_file>
      <input_file id="fl-e4">
         <path>C:\ti\ccs1271\ccs\tools\compiler\c6000_7.3.23\lib\</path>
         <kind>archive</kind>
         <file>rts6740.lib</file>
         <name>trgmsg.obj</name>
      </input_file>
      <input_file id="fl-e5">
         <path>C:\ti\ccs1271\ccs\tools\compiler\c6000_7.3.23\lib\</path>
         <kind>archive</kind>
         <file>rts6740.lib</file>
         <name>setvbuf.obj</name>
      </input_file>
      <input_file id="fl-e6">
         <path>C:\ti\ccs1271\ccs\tools\compiler\c6000_7.3.23\lib\</path>
         <kind>archive</kind>
         <file>rts6740.lib</file>
         <name>fopen.obj</name>
      </input_file>
      <input_file id="fl-e7">
         <path>C:\ti\ccs1271\ccs\tools\compiler\c6000_7.3.23\lib\</path>
         <kind>archive</kind>
         <file>rts6740.lib</file>
         <name>fclose.obj</name>
      </input_file>
      <input_file id="fl-e8">
         <path>C:\ti\bios_5_42_01_09\packages\ti\bios\lib\</path>
         <kind>archive</kind>
         <file>bios.a674</file>
         <name>malloc.o674</name>
      </input_file>
      <input_file id="fl-e9">
         <path>C:\ti\bios_5_42_01_09\packages\ti\bios\lib\</path>
         <kind>archive</kind>
         <file>bios.a674</file>
         <name>mem_allo.o674</name>
      </input_file>
      <input_file id="fl-ea">
         <path>C:\ti\bios_5_42_01_09\packages\ti\bios\lib\</path>
         <kind>archive</kind>
         <file>bios.a674</file>
         <name>mem_free.o674</name>
      </input_file>
      <input_file id="fl-eb">
         <path>C:\ti\bios_5_42_01_09\packages\ti\bios\lib\</path>
         <kind>archive</kind>
         <file>bios.a674</file>
         <name>sys_erro.o674</name>
      </input_file>
      <input_file id="fl-ec">
         <path>C:\ti\ccs1271\ccs\tools\compiler\c6000_7.3.23\lib\</path>
         <kind>archive</kind>
         <file>rts6740.lib</file>
         <name>remove.obj</name>
      </input_file>
   </input_file_list>
   <object_component_list>
      <object_component id="oc-6b">
         <name>.vers</name>
         <load_address>0x0</load_address>
         <run_address>0x0</run_address>
         <size>0x3c</size>
         <input_file_ref idref="fl-4"/>
      </object_component>
      <object_component id="oc-5a">
         <name>.clk</name>
         <uninitialized>true</uninitialized>
         <run_address>0x1180dff8</run_address>
         <size>0x8</size>
         <input_file_ref idref="fl-4"/>
      </object_component>
      <object_component id="oc-60">
         <name>.swi</name>
         <uninitialized>true</uninitialized>
         <run_address>0x11811fd4</run_address>
         <size>0x2c</size>
         <input_file_ref idref="fl-4"/>
      </object_component>
      <object_component id="oc-63">
         <name>.tsk</name>
         <uninitialized>true</uninitialized>
         <run_address>0x11811f74</run_address>
         <size>0x60</size>
         <input_file_ref idref="fl-4"/>
      </object_component>
      <object_component id="oc-66">
         <name>.idl</name>
         <uninitialized>true</uninitialized>
         <run_address>0x118137f0</run_address>
         <size>0x10</size>
         <input_file_ref idref="fl-4"/>
      </object_component>
      <object_component id="oc-65">
         <name>.idlcal</name>
         <uninitialized>true</uninitialized>
         <run_address>0x11813d00</run_address>
         <size>0x10</size>
         <input_file_ref idref="fl-4"/>
      </object_component>
      <object_component id="oc-45">
         <name>.bss</name>
         <uninitialized>true</uninitialized>
         <run_address>0x118136d0</run_address>
         <size>0x28</size>
         <input_file_ref idref="fl-4"/>
      </object_component>
      <object_component id="oc-71">
         <name>.bss</name>
         <uninitialized>true</uninitialized>
         <run_address>0x11813520</run_address>
         <size>0xcc</size>
         <input_file_ref idref="fl-7c"/>
      </object_component>
      <object_component id="oc-73">
         <name>.bss</name>
         <uninitialized>true</uninitialized>
         <run_address>0x11813420</run_address>
         <size>0x100</size>
         <input_file_ref idref="fl-7d"/>
      </object_component>
      <object_component id="oc-7a">
         <name>.bss</name>
         <uninitialized>true</uninitialized>
         <run_address>0x11813730</run_address>
         <size>0x18</size>
         <input_file_ref idref="fl-7f"/>
      </object_component>
      <object_component id="oc-80">
         <name>.bss</name>
         <uninitialized>true</uninitialized>
         <run_address>0x118135ec</run_address>
         <size>0x9c</size>
         <input_file_ref idref="fl-80"/>
      </object_component>
      <object_component id="oc-ae">
         <name>.bss</name>
         <uninitialized>true</uninitialized>
         <run_address>0x11813718</run_address>
         <size>0x18</size>
         <input_file_ref idref="fl-8c"/>
      </object_component>
      <object_component id="oc-b0">
         <name>.bss</name>
         <uninitialized>true</uninitialized>
         <run_address>0x11813798</run_address>
         <size>0x4</size>
         <input_file_ref idref="fl-8d"/>
      </object_component>
      <object_component id="oc-dc">
         <name>.bss</name>
         <uninitialized>true</uninitialized>
         <run_address>0x11813784</run_address>
         <size>0x8</size>
         <input_file_ref idref="fl-97"/>
      </object_component>
      <object_component id="oc-df">
         <name>.bss</name>
         <uninitialized>true</uninitialized>
         <run_address>0x11813794</run_address>
         <size>0x4</size>
         <input_file_ref idref="fl-98"/>
      </object_component>
      <object_component id="oc-f2">
         <name>.bss</name>
         <uninitialized>true</uninitialized>
         <run_address>0x118136f8</run_address>
         <size>0x20</size>
         <input_file_ref idref="fl-9d"/>
      </object_component>
      <object_component id="oc-f8">
         <name>.bss</name>
         <uninitialized>true</uninitialized>
         <run_address>0x11813748</run_address>
         <size>0x10</size>
         <input_file_ref idref="fl-9e"/>
      </object_component>
      <object_component id="oc-10d">
         <name>.bss</name>
         <uninitialized>true</uninitialized>
         <run_address>0x11813768</run_address>
         <size>0x10</size>
         <input_file_ref idref="fl-a3"/>
      </object_component>
      <object_component id="oc-11d">
         <name>.bss</name>
         <uninitialized>true</uninitialized>
         <run_address>0x118137a0</run_address>
         <size>0x4</size>
         <input_file_ref idref="fl-a6"/>
      </object_component>
      <object_component id="oc-122">
         <name>.bss</name>
         <uninitialized>true</uninitialized>
         <run_address>0x11813688</run_address>
         <size>0x48</size>
         <input_file_ref idref="fl-a7"/>
      </object_component>
      <object_component id="oc-13b">
         <name>.bss</name>
         <uninitialized>true</uninitialized>
         <run_address>0x1181379c</run_address>
         <size>0x4</size>
         <input_file_ref idref="fl-ae"/>
      </object_component>
      <object_component id="oc-147">
         <name>.bss</name>
         <uninitialized>true</uninitialized>
         <run_address>0x11813758</run_address>
         <size>0x10</size>
         <input_file_ref idref="fl-b2"/>
      </object_component>
      <object_component id="oc-15c">
         <name>.bss</name>
         <uninitialized>true</uninitialized>
         <run_address>0x11813778</run_address>
         <size>0xc</size>
         <input_file_ref idref="fl-b7"/>
      </object_component>
      <object_component id="oc-168">
         <name>.bss</name>
         <uninitialized>true</uninitialized>
         <run_address>0x1181378c</run_address>
         <size>0x8</size>
         <input_file_ref idref="fl-ba"/>
      </object_component>
      <object_component id="oc-5f">
         <name>.hwi_vec</name>
         <load_address>0x11813800</load_address>
         <run_address>0x11813800</run_address>
         <size>0x200</size>
         <input_file_ref idref="fl-4"/>
      </object_component>
      <object_component id="oc-8d">
         <name>.far</name>
         <uninitialized>true</uninitialized>
         <run_address>0x11811848</run_address>
         <size>0x10</size>
         <input_file_ref idref="fl-83"/>
      </object_component>
      <object_component id="oc-9a">
         <name>.far</name>
         <uninitialized>true</uninitialized>
         <run_address>0x11811858</run_address>
         <size>0xc</size>
         <input_file_ref idref="fl-86"/>
      </object_component>
      <object_component id="oc-e3">
         <name>.far</name>
         <uninitialized>true</uninitialized>
         <run_address>0x118112a4</run_address>
         <size>0x4</size>
         <input_file_ref idref="fl-99"/>
      </object_component>
      <object_component id="oc-fb">
         <name>.far</name>
         <uninitialized>true</uninitialized>
         <run_address>0x11811838</run_address>
         <size>0x10</size>
         <input_file_ref idref="fl-9e"/>
      </object_component>
      <object_component id="oc-111">
         <name>.far</name>
         <uninitialized>true</uninitialized>
         <run_address>0x11811820</run_address>
         <size>0x18</size>
         <input_file_ref idref="fl-a3"/>
      </object_component>
      <object_component id="oc-125">
         <name>.far</name>
         <uninitialized>true</uninitialized>
         <run_address>0x11811550</run_address>
         <size>0xd8</size>
         <input_file_ref idref="fl-a7"/>
      </object_component>
      <object_component id="oc-141">
         <name>.far</name>
         <uninitialized>true</uninitialized>
         <run_address>0x11811758</run_address>
         <size>0x54</size>
         <input_file_ref idref="fl-b0"/>
      </object_component>
      <object_component id="oc-15f">
         <name>.far</name>
         <uninitialized>true</uninitialized>
         <run_address>0x118116f8</run_address>
         <size>0x5c</size>
         <input_file_ref idref="fl-b7"/>
      </object_component>
      <object_component id="oc-16b">
         <name>.far</name>
         <uninitialized>true</uninitialized>
         <run_address>0x11811800</run_address>
         <size>0x20</size>
         <input_file_ref idref="fl-ba"/>
      </object_component>
      <object_component id="oc-175">
         <name>.far</name>
         <uninitialized>true</uninitialized>
         <run_address>0x118117ac</run_address>
         <size>0x50</size>
         <input_file_ref idref="fl-bd"/>
      </object_component>
      <object_component id="oc-192">
         <name>.far</name>
         <uninitialized>true</uninitialized>
         <run_address>0x11811870</run_address>
         <size>0x8</size>
         <input_file_ref idref="fl-c5"/>
      </object_component>
      <object_component id="oc-197">
         <name>.far</name>
         <uninitialized>true</uninitialized>
         <run_address>0x118112a8</run_address>
         <size>0x188</size>
         <input_file_ref idref="fl-c6"/>
      </object_component>
      <object_component id="oc-19c">
         <name>.far</name>
         <uninitialized>true</uninitialized>
         <run_address>0x11811754</run_address>
         <size>0x4</size>
         <input_file_ref idref="fl-c7"/>
      </object_component>
      <object_component id="oc-1a1">
         <name>.far</name>
         <uninitialized>true</uninitialized>
         <run_address>0x11811864</run_address>
         <size>0xc</size>
         <input_file_ref idref="fl-c8"/>
      </object_component>
      <object_component id="oc-1ac">
         <name>.far</name>
         <uninitialized>true</uninitialized>
         <run_address>0x11810f80</run_address>
         <size>0x324</size>
         <input_file_ref idref="fl-cb"/>
      </object_component>
      <object_component id="oc-1ea">
         <name>.far</name>
         <uninitialized>true</uninitialized>
         <run_address>0x11811430</run_address>
         <size>0x11c</size>
         <input_file_ref idref="fl-df"/>
      </object_component>
      <object_component id="oc-1ee">
         <name>.far</name>
         <uninitialized>true</uninitialized>
         <run_address>0x11811628</run_address>
         <size>0xd0</size>
         <input_file_ref idref="fl-e0"/>
      </object_component>
      <object_component id="oc-203">
         <name>.far</name>
         <uninitialized>true</uninitialized>
         <run_address>0x1181154c</run_address>
         <size>0x4</size>
         <input_file_ref idref="fl-e6"/>
      </object_component>
      <object_component id="oc-56">
         <name>.mem</name>
         <uninitialized>true</uninitialized>
         <run_address>0x11811878</run_address>
         <size>0x4</size>
         <input_file_ref idref="fl-4"/>
      </object_component>
      <object_component id="oc-7c">
         <name>.bios</name>
         <load_address>0x118076e0</load_address>
         <run_address>0x118076e0</run_address>
         <size>0x5c0</size>
         <input_file_ref idref="fl-7f"/>
      </object_component>
      <object_component id="oc-225">
         <name>.bios</name>
         <load_address>0x11807ca0</load_address>
         <run_address>0x11807ca0</run_address>
         <size>0x580</size>
         <input_file_ref idref="fl-9e"/>
      </object_component>
      <object_component id="oc-46">
         <name>.bios</name>
         <load_address>0x11808220</load_address>
         <run_address>0x11808220</run_address>
         <size>0x4e0</size>
         <input_file_ref idref="fl-7d"/>
      </object_component>
      <object_component id="oc-44">
         <name>.bios</name>
         <load_address>0x11808700</load_address>
         <run_address>0x11808700</run_address>
         <size>0x4c0</size>
         <input_file_ref idref="fl-80"/>
      </object_component>
      <object_component id="oc-cb">
         <name>.bios</name>
         <load_address>0x11808bc0</load_address>
         <run_address>0x11808bc0</run_address>
         <size>0x380</size>
         <input_file_ref idref="fl-93"/>
      </object_component>
      <object_component id="oc-278">
         <name>.bios</name>
         <load_address>0x11808f40</load_address>
         <run_address>0x11808f40</run_address>
         <size>0x280</size>
         <input_file_ref idref="fl-e8"/>
      </object_component>
      <object_component id="oc-d0">
         <name>.bios</name>
         <load_address>0x118091c0</load_address>
         <run_address>0x118091c0</run_address>
         <size>0x280</size>
         <input_file_ref idref="fl-94"/>
      </object_component>
      <object_component id="oc-220">
         <name>.bios</name>
         <load_address>0x11809440</load_address>
         <run_address>0x11809440</run_address>
         <size>0x240</size>
         <input_file_ref idref="fl-ac"/>
      </object_component>
      <object_component id="oc-282">
         <name>.bios:.near</name>
         <load_address>0x11809680</load_address>
         <run_address>0x11809680</run_address>
         <size>0x200</size>
         <input_file_ref idref="fl-e9"/>
      </object_component>
      <object_component id="oc-49">
         <name>.bios</name>
         <load_address>0x11809880</load_address>
         <run_address>0x11809880</run_address>
         <size>0x200</size>
         <input_file_ref idref="fl-83"/>
      </object_component>
      <object_component id="oc-281">
         <name>.bios:.near</name>
         <load_address>0x11809a80</load_address>
         <run_address>0x11809a80</run_address>
         <size>0x1e0</size>
         <input_file_ref idref="fl-ea"/>
      </object_component>
      <object_component id="oc-f4">
         <name>.bios</name>
         <load_address>0x11809c60</load_address>
         <run_address>0x11809c60</run_address>
         <size>0x1e0</size>
         <input_file_ref idref="fl-9d"/>
      </object_component>
      <object_component id="oc-c7">
         <name>.bios</name>
         <load_address>0x11809e40</load_address>
         <run_address>0x11809e40</run_address>
         <size>0x1e0</size>
         <input_file_ref idref="fl-92"/>
      </object_component>
      <object_component id="oc-22e">
         <name>.bios</name>
         <load_address>0x1180a020</load_address>
         <run_address>0x1180a020</run_address>
         <size>0x1e0</size>
         <input_file_ref idref="fl-c0"/>
      </object_component>
      <object_component id="oc-22d">
         <name>.bios</name>
         <load_address>0x1180a200</load_address>
         <run_address>0x1180a200</run_address>
         <size>0x1a0</size>
         <input_file_ref idref="fl-c3"/>
      </object_component>
      <object_component id="oc-227">
         <name>.bios</name>
         <load_address>0x1180a3a0</load_address>
         <run_address>0x1180a3a0</run_address>
         <size>0x1a0</size>
         <input_file_ref idref="fl-bc"/>
      </object_component>
      <object_component id="oc-a0">
         <name>.bios</name>
         <load_address>0x1180a540</load_address>
         <run_address>0x1180a540</run_address>
         <size>0x1a0</size>
         <input_file_ref idref="fl-88"/>
      </object_component>
      <object_component id="oc-bf">
         <name>.bios</name>
         <load_address>0x1180a6e0</load_address>
         <run_address>0x1180a6e0</run_address>
         <size>0x180</size>
         <input_file_ref idref="fl-90"/>
      </object_component>
      <object_component id="oc-21a">
         <name>.bios</name>
         <load_address>0x1180a860</load_address>
         <run_address>0x1180a860</run_address>
         <size>0x140</size>
         <input_file_ref idref="fl-c4"/>
      </object_component>
      <object_component id="oc-222">
         <name>.bios</name>
         <load_address>0x1180a9a0</load_address>
         <run_address>0x1180a9a0</run_address>
         <size>0x140</size>
         <input_file_ref idref="fl-b8"/>
      </object_component>
      <object_component id="oc-240">
         <name>.bios</name>
         <load_address>0x1180aae0</load_address>
         <run_address>0x1180aae0</run_address>
         <size>0x140</size>
         <input_file_ref idref="fl-a0"/>
      </object_component>
      <object_component id="oc-223">
         <name>.bios</name>
         <load_address>0x1180ac20</load_address>
         <run_address>0x1180ac20</run_address>
         <size>0x120</size>
         <input_file_ref idref="fl-9f"/>
      </object_component>
      <object_component id="oc-12a">
         <name>.bios</name>
         <load_address>0x1180ad40</load_address>
         <run_address>0x1180ad40</run_address>
         <size>0x120</size>
         <input_file_ref idref="fl-a9"/>
      </object_component>
      <object_component id="oc-228">
         <name>.bios</name>
         <load_address>0x1180ae60</load_address>
         <run_address>0x1180ae60</run_address>
         <size>0x120</size>
         <input_file_ref idref="fl-bd"/>
      </object_component>
      <object_component id="oc-183">
         <name>.bios</name>
         <load_address>0x1180af80</load_address>
         <run_address>0x1180af80</run_address>
         <size>0xe0</size>
         <input_file_ref idref="fl-c1"/>
      </object_component>
      <object_component id="oc-221">
         <name>.bios</name>
         <load_address>0x1180b060</load_address>
         <run_address>0x1180b060</run_address>
         <size>0xc0</size>
         <input_file_ref idref="fl-a8"/>
      </object_component>
      <object_component id="oc-230">
         <name>.bios</name>
         <load_address>0x1180b120</load_address>
         <run_address>0x1180b120</run_address>
         <size>0xa0</size>
         <input_file_ref idref="fl-c2"/>
      </object_component>
      <object_component id="oc-23f">
         <name>.bios</name>
         <load_address>0x1180b1c0</load_address>
         <run_address>0x1180b1c0</run_address>
         <size>0xa0</size>
         <input_file_ref idref="fl-b9"/>
      </object_component>
      <object_component id="oc-22f">
         <name>.bios</name>
         <load_address>0x1180b260</load_address>
         <run_address>0x1180b260</run_address>
         <size>0x80</size>
         <input_file_ref idref="fl-ab"/>
      </object_component>
      <object_component id="oc-21c">
         <name>.bios</name>
         <load_address>0x1180b2e0</load_address>
         <run_address>0x1180b2e0</run_address>
         <size>0x80</size>
         <input_file_ref idref="fl-aa"/>
      </object_component>
      <object_component id="oc-242">
         <name>.bios</name>
         <load_address>0x1180b360</load_address>
         <run_address>0x1180b360</run_address>
         <size>0x80</size>
         <input_file_ref idref="fl-be"/>
      </object_component>
      <object_component id="oc-c3">
         <name>.bios</name>
         <load_address>0x1180b3e0</load_address>
         <run_address>0x1180b3e0</run_address>
         <size>0x80</size>
         <input_file_ref idref="fl-91"/>
      </object_component>
      <object_component id="oc-b6">
         <name>.bios</name>
         <load_address>0x1180b460</load_address>
         <run_address>0x1180b460</run_address>
         <size>0x80</size>
         <input_file_ref idref="fl-8e"/>
      </object_component>
      <object_component id="oc-28c">
         <name>.bios:.near</name>
         <load_address>0x1180b4e0</load_address>
         <run_address>0x1180b4e0</run_address>
         <size>0x60</size>
         <input_file_ref idref="fl-eb"/>
      </object_component>
      <object_component id="oc-a4">
         <name>.bios</name>
         <load_address>0x1180b540</load_address>
         <run_address>0x1180b540</run_address>
         <size>0x60</size>
         <input_file_ref idref="fl-89"/>
      </object_component>
      <object_component id="oc-115">
         <name>.bios</name>
         <load_address>0x1180b5a0</load_address>
         <run_address>0x1180b5a0</run_address>
         <size>0x60</size>
         <input_file_ref idref="fl-a4"/>
      </object_component>
      <object_component id="oc-b2">
         <name>.bios</name>
         <load_address>0x1180b600</load_address>
         <run_address>0x1180b600</run_address>
         <size>0x60</size>
         <input_file_ref idref="fl-8d"/>
      </object_component>
      <object_component id="oc-17c">
         <name>.bios</name>
         <load_address>0x1180b660</load_address>
         <run_address>0x1180b660</run_address>
         <size>0x60</size>
         <input_file_ref idref="fl-bf"/>
      </object_component>
      <object_component id="oc-d8">
         <name>.bios</name>
         <load_address>0x1180b6c0</load_address>
         <run_address>0x1180b6c0</run_address>
         <size>0x60</size>
         <input_file_ref idref="fl-96"/>
      </object_component>
      <object_component id="oc-241">
         <name>.bios</name>
         <load_address>0x1180b720</load_address>
         <run_address>0x1180b720</run_address>
         <size>0x60</size>
         <input_file_ref idref="fl-b6"/>
      </object_component>
      <object_component id="oc-e5">
         <name>.bios</name>
         <load_address>0x1180b780</load_address>
         <run_address>0x1180b780</run_address>
         <size>0x60</size>
         <input_file_ref idref="fl-9a"/>
      </object_component>
      <object_component id="oc-42">
         <name>.bios</name>
         <load_address>0x1180b7e0</load_address>
         <run_address>0x1180b7e0</run_address>
         <size>0x40</size>
         <input_file_ref idref="fl-7e"/>
      </object_component>
      <object_component id="oc-d4">
         <name>.bios</name>
         <load_address>0x1180b820</load_address>
         <run_address>0x1180b820</run_address>
         <size>0x40</size>
         <input_file_ref idref="fl-95"/>
      </object_component>
      <object_component id="oc-41">
         <name>.bios</name>
         <load_address>0x1180b860</load_address>
         <run_address>0x1180b860</run_address>
         <size>0x40</size>
         <input_file_ref idref="fl-84"/>
      </object_component>
      <object_component id="oc-48">
         <name>.bios</name>
         <load_address>0x1180b8a0</load_address>
         <run_address>0x1180b8a0</run_address>
         <size>0x40</size>
         <input_file_ref idref="fl-86"/>
      </object_component>
      <object_component id="oc-4c">
         <name>.bios</name>
         <load_address>0x1180b8e0</load_address>
         <run_address>0x1180b8e0</run_address>
         <size>0x20</size>
         <input_file_ref idref="fl-82"/>
      </object_component>
      <object_component id="oc-105">
         <name>.bios</name>
         <load_address>0x1180b900</load_address>
         <run_address>0x1180b900</run_address>
         <size>0x20</size>
         <input_file_ref idref="fl-a1"/>
      </object_component>
      <object_component id="oc-ba">
         <name>.bios</name>
         <load_address>0x1180b920</load_address>
         <run_address>0x1180b920</run_address>
         <size>0x20</size>
         <input_file_ref idref="fl-8f"/>
      </object_component>
      <object_component id="oc-155">
         <name>.bios</name>
         <load_address>0x1180b940</load_address>
         <run_address>0x1180b940</run_address>
         <size>0x20</size>
         <input_file_ref idref="fl-b5"/>
      </object_component>
      <object_component id="oc-4b">
         <name>.bios</name>
         <load_address>0x1180b960</load_address>
         <run_address>0x1180b960</run_address>
         <size>0x20</size>
         <input_file_ref idref="fl-85"/>
      </object_component>
      <object_component id="oc-4a">
         <name>.bios</name>
         <load_address>0x1180b980</load_address>
         <run_address>0x1180b980</run_address>
         <size>0x20</size>
         <input_file_ref idref="fl-87"/>
      </object_component>
      <object_component id="oc-47">
         <name>.bios</name>
         <load_address>0x1180b9a0</load_address>
         <run_address>0x1180b9a0</run_address>
         <size>0x20</size>
         <input_file_ref idref="fl-81"/>
      </object_component>
      <object_component id="oc-1fb">
         <name>.cio</name>
         <uninitialized>true</uninitialized>
         <run_address>0x11813a00</run_address>
         <size>0x120</size>
         <input_file_ref idref="fl-e4"/>
      </object_component>
      <object_component id="oc-14b">
         <name>.pinit</name>
         <load_address>0x11813d20</load_address>
         <run_address>0x11813d20</run_address>
         <size>0x4</size>
         <input_file_ref idref="fl-b2"/>
      </object_component>
      <object_component id="oc-112">
         <name>.pinit</name>
         <load_address>0x11813d24</load_address>
         <run_address>0x11813d24</run_address>
         <size>0x4</size>
         <input_file_ref idref="fl-a3"/>
      </object_component>
      <object_component id="oc-59">
         <name>.sys</name>
         <uninitialized>true</uninitialized>
         <run_address>0x11813d10</run_address>
         <size>0x10</size>
         <input_file_ref idref="fl-4"/>
      </object_component>
      <object_component id="oc-24f">
         <name>.text</name>
         <load_address>0x11800000</load_address>
         <run_address>0x11800000</run_address>
         <size>0xc20</size>
         <input_file_ref idref="fl-9c"/>
      </object_component>
      <object_component id="oc-23a">
         <name>.text</name>
         <load_address>0x11800c20</load_address>
         <run_address>0x11800c20</run_address>
         <size>0x620</size>
         <input_file_ref idref="fl-2"/>
      </object_component>
      <object_component id="oc-27f">
         <name>.text:__divd</name>
         <load_address>0x11801240</load_address>
         <run_address>0x11801240</run_address>
         <size>0x5a0</size>
         <input_file_ref idref="fl-ce"/>
      </object_component>
      <object_component id="oc-274">
         <name>.text:__getarg_diouxp</name>
         <load_address>0x118017e0</load_address>
         <run_address>0x118017e0</run_address>
         <size>0x580</size>
         <input_file_ref idref="fl-cc"/>
      </object_component>
      <object_component id="oc-262">
         <name>.text:__setfield</name>
         <load_address>0x11801d60</load_address>
         <run_address>0x11801d60</run_address>
         <size>0x540</size>
         <input_file_ref idref="fl-cc"/>
      </object_component>
      <object_component id="oc-255">
         <name>.text</name>
         <load_address>0x118022a0</load_address>
         <run_address>0x118022a0</run_address>
         <size>0x4e0</size>
         <input_file_ref idref="fl-a5"/>
      </object_component>
      <object_component id="oc-25d">
         <name>.text:__printfi</name>
         <load_address>0x11802780</load_address>
         <run_address>0x11802780</run_address>
         <size>0x440</size>
         <input_file_ref idref="fl-cc"/>
      </object_component>
      <object_component id="oc-250">
         <name>.text</name>
         <load_address>0x11802bc0</load_address>
         <run_address>0x11802bc0</run_address>
         <size>0x380</size>
         <input_file_ref idref="fl-a2"/>
      </object_component>
      <object_component id="oc-24c">
         <name>.text</name>
         <load_address>0x11802f40</load_address>
         <run_address>0x11802f40</run_address>
         <size>0x380</size>
         <input_file_ref idref="fl-a6"/>
      </object_component>
      <object_component id="oc-25e">
         <name>.text:_fputs</name>
         <load_address>0x118032c0</load_address>
         <run_address>0x118032c0</run_address>
         <size>0x300</size>
         <input_file_ref idref="fl-dc"/>
      </object_component>
      <object_component id="oc-269">
         <name>.text:__pproc_fge</name>
         <load_address>0x118035c0</load_address>
         <run_address>0x118035c0</run_address>
         <size>0x2c0</size>
         <input_file_ref idref="fl-cc"/>
      </object_component>
      <object_component id="oc-261">
         <name>.text:__pproc_fwp</name>
         <load_address>0x11803880</load_address>
         <run_address>0x11803880</run_address>
         <size>0x2c0</size>
         <input_file_ref idref="fl-cc"/>
      </object_component>
      <object_component id="oc-27a">
         <name>.text:_ecvt</name>
         <load_address>0x11803b40</load_address>
         <run_address>0x11803b40</run_address>
         <size>0x2a0</size>
         <input_file_ref idref="fl-cc"/>
      </object_component>
      <object_component id="oc-27d">
         <name>.text:_fcvt</name>
         <load_address>0x11803de0</load_address>
         <run_address>0x11803de0</run_address>
         <size>0x2a0</size>
         <input_file_ref idref="fl-cc"/>
      </object_component>
      <object_component id="oc-28b">
         <name>.text:__divull</name>
         <load_address>0x11804080</load_address>
         <run_address>0x11804080</run_address>
         <size>0x260</size>
         <input_file_ref idref="fl-d1"/>
      </object_component>
      <object_component id="oc-273">
         <name>.text:__pconv_e</name>
         <load_address>0x118042e0</load_address>
         <run_address>0x118042e0</run_address>
         <size>0x260</size>
         <input_file_ref idref="fl-cc"/>
      </object_component>
      <object_component id="oc-26a">
         <name>.text:__pproc_diouxp</name>
         <load_address>0x11804540</load_address>
         <run_address>0x11804540</run_address>
         <size>0x240</size>
         <input_file_ref idref="fl-cc"/>
      </object_component>
      <object_component id="oc-263">
         <name>.text:__pproc_str</name>
         <load_address>0x11804780</load_address>
         <run_address>0x11804780</run_address>
         <size>0x220</size>
         <input_file_ref idref="fl-cc"/>
      </object_component>
      <object_component id="oc-271">
         <name>.text:__pconv_g</name>
         <load_address>0x118049a0</load_address>
         <run_address>0x118049a0</run_address>
         <size>0x200</size>
         <input_file_ref idref="fl-cc"/>
      </object_component>
      <object_component id="oc-24d">
         <name>.text</name>
         <load_address>0x11804ba0</load_address>
         <run_address>0x11804ba0</run_address>
         <size>0x1e0</size>
         <input_file_ref idref="fl-ad"/>
      </object_component>
      <object_component id="oc-27c">
         <name>.text:__mcpy</name>
         <load_address>0x11804d80</load_address>
         <run_address>0x11804d80</run_address>
         <size>0x1c0</size>
         <input_file_ref idref="fl-cc"/>
      </object_component>
      <object_component id="oc-28a">
         <name>.text:__divul</name>
         <load_address>0x11804f40</load_address>
         <run_address>0x11804f40</run_address>
         <size>0x1a0</size>
         <input_file_ref idref="fl-d0"/>
      </object_component>
      <object_component id="oc-238">
         <name>.text:_HOSTrename</name>
         <load_address>0x118050e0</load_address>
         <run_address>0x118050e0</run_address>
         <size>0x180</size>
         <input_file_ref idref="fl-e0"/>
      </object_component>
      <object_component id="oc-26d">
         <name>.text:_setvbuf</name>
         <load_address>0x11805260</load_address>
         <run_address>0x11805260</run_address>
         <size>0x180</size>
         <input_file_ref idref="fl-e5"/>
      </object_component>
      <object_component id="oc-24e">
         <name>.text</name>
         <load_address>0x118053e0</load_address>
         <run_address>0x118053e0</run_address>
         <size>0x160</size>
         <input_file_ref idref="fl-9b"/>
      </object_component>
      <object_component id="oc-260">
         <name>.text:__pproc_fflags</name>
         <load_address>0x11805540</load_address>
         <run_address>0x11805540</run_address>
         <size>0x140</size>
         <input_file_ref idref="fl-cc"/>
      </object_component>
      <object_component id="oc-25f">
         <name>.text:_fputc</name>
         <load_address>0x11805680</load_address>
         <run_address>0x11805680</run_address>
         <size>0x140</size>
         <input_file_ref idref="fl-d9"/>
      </object_component>
      <object_component id="oc-294">
         <name>.text:_getdevice</name>
         <load_address>0x118057c0</load_address>
         <run_address>0x118057c0</run_address>
         <size>0x140</size>
         <input_file_ref idref="fl-df"/>
      </object_component>
      <object_component id="oc-283">
         <name>.text:_fclose</name>
         <load_address>0x11805900</load_address>
         <run_address>0x11805900</run_address>
         <size>0x120</size>
         <input_file_ref idref="fl-e7"/>
      </object_component>
      <object_component id="oc-236">
         <name>.text:_HOSTlseek</name>
         <load_address>0x11805a20</load_address>
         <run_address>0x11805a20</run_address>
         <size>0x100</size>
         <input_file_ref idref="fl-e0"/>
      </object_component>
      <object_component id="oc-276">
         <name>.text:__ltostr</name>
         <load_address>0x11805b20</load_address>
         <run_address>0x11805b20</run_address>
         <size>0x100</size>
         <input_file_ref idref="fl-cc"/>
      </object_component>
      <object_component id="oc-264">
         <name>.text:__wrt_ok</name>
         <load_address>0x11805c20</load_address>
         <run_address>0x11805c20</run_address>
         <size>0x100</size>
         <input_file_ref idref="fl-db"/>
      </object_component>
      <object_component id="oc-25a">
         <name>.text:_call_dtors</name>
         <load_address>0x11805d20</load_address>
         <run_address>0x11805d20</run_address>
         <size>0x100</size>
         <input_file_ref idref="fl-c7"/>
      </object_component>
      <object_component id="oc-232">
         <name>.text:_HOSTopen</name>
         <load_address>0x11805e20</load_address>
         <run_address>0x11805e20</run_address>
         <size>0xe0</size>
         <input_file_ref idref="fl-e0"/>
      </object_component>
      <object_component id="oc-234">
         <name>.text:_HOSTread</name>
         <load_address>0x11805f00</load_address>
         <run_address>0x11805f00</run_address>
         <size>0xe0</size>
         <input_file_ref idref="fl-e0"/>
      </object_component>
      <object_component id="oc-268">
         <name>.text:_atoi</name>
         <load_address>0x11805fe0</load_address>
         <run_address>0x11805fe0</run_address>
         <size>0xe0</size>
         <input_file_ref idref="fl-d7"/>
      </object_component>
      <object_component id="oc-28d">
         <name>.text:_close</name>
         <load_address>0x118060c0</load_address>
         <run_address>0x118060c0</run_address>
         <size>0xe0</size>
         <input_file_ref idref="fl-df"/>
      </object_component>
      <object_component id="oc-267">
         <name>.text:_memset</name>
         <load_address>0x118061a0</load_address>
         <run_address>0x118061a0</run_address>
         <size>0xe0</size>
         <input_file_ref idref="fl-e3"/>
      </object_component>
      <object_component id="oc-237">
         <name>.text:_HOSTunlink</name>
         <load_address>0x11806280</load_address>
         <run_address>0x11806280</run_address>
         <size>0xc0</size>
         <input_file_ref idref="fl-e0"/>
      </object_component>
      <object_component id="oc-235">
         <name>.text:_HOSTwrite</name>
         <load_address>0x11806340</load_address>
         <run_address>0x11806340</run_address>
         <size>0xc0</size>
         <input_file_ref idref="fl-e0"/>
      </object_component>
      <object_component id="oc-279">
         <name>.text:__cleanup</name>
         <load_address>0x11806400</load_address>
         <run_address>0x11806400</run_address>
         <size>0xc0</size>
         <input_file_ref idref="fl-e6"/>
      </object_component>
      <object_component id="oc-280">
         <name>.text:__div</name>
         <load_address>0x118064c0</load_address>
         <run_address>0x118064c0</run_address>
         <size>0xc0</size>
         <input_file_ref idref="fl-cc"/>
      </object_component>
      <object_component id="oc-289">
         <name>.text:__divu</name>
         <load_address>0x11806580</load_address>
         <run_address>0x11806580</run_address>
         <size>0xc0</size>
         <input_file_ref idref="fl-cf"/>
      </object_component>
      <object_component id="oc-265">
         <name>.text:__doflush</name>
         <load_address>0x11806640</load_address>
         <run_address>0x11806640</run_address>
         <size>0xc0</size>
         <input_file_ref idref="fl-da"/>
      </object_component>
      <object_component id="oc-249">
         <name>.text:_atexit</name>
         <load_address>0x11806700</load_address>
         <run_address>0x11806700</run_address>
         <size>0xc0</size>
         <input_file_ref idref="fl-c6"/>
      </object_component>
      <object_component id="oc-26c">
         <name>.text:_fseek</name>
         <load_address>0x118067c0</load_address>
         <run_address>0x118067c0</run_address>
         <size>0xc0</size>
         <input_file_ref idref="fl-dd"/>
      </object_component>
      <object_component id="oc-277">
         <name>.text:_lseek</name>
         <load_address>0x11806880</load_address>
         <run_address>0x11806880</run_address>
         <size>0xc0</size>
         <input_file_ref idref="fl-df"/>
      </object_component>
      <object_component id="oc-285">
         <name>.text:_ltoa</name>
         <load_address>0x11806940</load_address>
         <run_address>0x11806940</run_address>
         <size>0xc0</size>
         <input_file_ref idref="fl-e1"/>
      </object_component>
      <object_component id="oc-266">
         <name>.text:_write</name>
         <load_address>0x11806a00</load_address>
         <run_address>0x11806a00</run_address>
         <size>0xc0</size>
         <input_file_ref idref="fl-df"/>
      </object_component>
      <object_component id="oc-245">
         <name>.text</name>
         <load_address>0x11806ac0</load_address>
         <run_address>0x11806ac0</run_address>
         <size>0xc0</size>
         <input_file_ref idref="fl-bd"/>
      </object_component>
      <object_component id="oc-233">
         <name>.text:_HOSTclose</name>
         <load_address>0x11806b80</load_address>
         <run_address>0x11806b80</run_address>
         <size>0xa0</size>
         <input_file_ref idref="fl-e0"/>
      </object_component>
      <object_component id="oc-290">
         <name>.text:__divli</name>
         <load_address>0x11806c20</load_address>
         <run_address>0x11806c20</run_address>
         <size>0xa0</size>
         <input_file_ref idref="fl-d0"/>
      </object_component>
      <object_component id="oc-27b">
         <name>.text:__ecpy</name>
         <load_address>0x11806cc0</load_address>
         <run_address>0x11806cc0</run_address>
         <size>0xa0</size>
         <input_file_ref idref="fl-cc"/>
      </object_component>
      <object_component id="oc-27e">
         <name>.text:__fcpy</name>
         <load_address>0x11806d60</load_address>
         <run_address>0x11806d60</run_address>
         <size>0xa0</size>
         <input_file_ref idref="fl-cc"/>
      </object_component>
      <object_component id="oc-284">
         <name>.text:__fixdli</name>
         <load_address>0x11806e00</load_address>
         <run_address>0x11806e00</run_address>
         <size>0xa0</size>
         <input_file_ref idref="fl-d2"/>
      </object_component>
      <object_component id="oc-272">
         <name>.text:__pconv_f</name>
         <load_address>0x11806ea0</load_address>
         <run_address>0x11806ea0</run_address>
         <size>0xa0</size>
         <input_file_ref idref="fl-cc"/>
      </object_component>
      <object_component id="oc-295">
         <name>.text:_finddevice</name>
         <load_address>0x11806f40</load_address>
         <run_address>0x11806f40</run_address>
         <size>0xa0</size>
         <input_file_ref idref="fl-df"/>
      </object_component>
      <object_component id="oc-239">
         <name>.text:_memcpy</name>
         <load_address>0x11806fe0</load_address>
         <run_address>0x11806fe0</run_address>
         <size>0xa0</size>
         <input_file_ref idref="fl-c9"/>
      </object_component>
      <object_component id="oc-286">
         <name>.text:__fltlid</name>
         <load_address>0x11807080</load_address>
         <run_address>0x11807080</run_address>
         <size>0x80</size>
         <input_file_ref idref="fl-d3"/>
      </object_component>
      <object_component id="oc-291">
         <name>.text:__llshl</name>
         <load_address>0x11807100</load_address>
         <run_address>0x11807100</run_address>
         <size>0x80</size>
         <input_file_ref idref="fl-d5"/>
      </object_component>
      <object_component id="oc-257">
         <name>.text:_printf</name>
         <load_address>0x11807180</load_address>
         <run_address>0x11807180</run_address>
         <size>0x80</size>
         <input_file_ref idref="fl-ca"/>
      </object_component>
      <object_component id="oc-24b">
         <name>.text:_readmsg</name>
         <load_address>0x11807200</load_address>
         <run_address>0x11807200</run_address>
         <size>0x80</size>
         <input_file_ref idref="fl-e4"/>
      </object_component>
      <object_component id="oc-293">
         <name>.text:_unlink</name>
         <load_address>0x11807280</load_address>
         <run_address>0x11807280</run_address>
         <size>0x80</size>
         <input_file_ref idref="fl-df"/>
      </object_component>
      <object_component id="oc-292">
         <name>.text:__subcull</name>
         <load_address>0x11807300</load_address>
         <run_address>0x11807300</run_address>
         <size>0x60</size>
         <input_file_ref idref="fl-d1"/>
      </object_component>
      <object_component id="oc-26b">
         <name>.text:_memccpy</name>
         <load_address>0x11807360</load_address>
         <run_address>0x11807360</run_address>
         <size>0x60</size>
         <input_file_ref idref="fl-e2"/>
      </object_component>
      <object_component id="oc-24a">
         <name>.text:_writemsg</name>
         <load_address>0x118073c0</load_address>
         <run_address>0x118073c0</run_address>
         <size>0x60</size>
         <input_file_ref idref="fl-e4"/>
      </object_component>
      <object_component id="oc-21b">
         <name>.text</name>
         <load_address>0x11807420</load_address>
         <run_address>0x11807420</run_address>
         <size>0x60</size>
         <input_file_ref idref="fl-3"/>
      </object_component>
      <object_component id="oc-254">
         <name>.text:___add_dtor</name>
         <load_address>0x11807480</load_address>
         <run_address>0x11807480</run_address>
         <size>0x40</size>
         <input_file_ref idref="fl-c7"/>
      </object_component>
      <object_component id="oc-270">
         <name>.text:___isinf</name>
         <load_address>0x118074c0</load_address>
         <run_address>0x118074c0</run_address>
         <size>0x40</size>
         <input_file_ref idref="fl-cd"/>
      </object_component>
      <object_component id="oc-26f">
         <name>.text:___isnan</name>
         <load_address>0x11807500</load_address>
         <run_address>0x11807500</run_address>
         <size>0x40</size>
         <input_file_ref idref="fl-cc"/>
      </object_component>
      <object_component id="oc-288">
         <name>.text:__frcmpyd_div</name>
         <load_address>0x11807540</load_address>
         <run_address>0x11807540</run_address>
         <size>0x40</size>
         <input_file_ref idref="fl-d4"/>
      </object_component>
      <object_component id="oc-287">
         <name>.text:__llshru</name>
         <load_address>0x11807580</load_address>
         <run_address>0x11807580</run_address>
         <size>0x40</size>
         <input_file_ref idref="fl-d5"/>
      </object_component>
      <object_component id="oc-28f">
         <name>.text:__remli</name>
         <load_address>0x118075c0</load_address>
         <run_address>0x118075c0</run_address>
         <size>0x40</size>
         <input_file_ref idref="fl-d0"/>
      </object_component>
      <object_component id="oc-275">
         <name>.text:__negll</name>
         <load_address>0x11807600</load_address>
         <run_address>0x11807600</run_address>
         <size>0x20</size>
         <input_file_ref idref="fl-d6"/>
      </object_component>
      <object_component id="oc-231">
         <name>.text:__nop</name>
         <load_address>0x11807620</load_address>
         <run_address>0x11807620</run_address>
         <size>0x20</size>
         <input_file_ref idref="fl-c5"/>
      </object_component>
      <object_component id="oc-25c">
         <name>.text:__outc</name>
         <load_address>0x11807640</load_address>
         <run_address>0x11807640</run_address>
         <size>0x20</size>
         <input_file_ref idref="fl-ca"/>
      </object_component>
      <object_component id="oc-25b">
         <name>.text:__outs</name>
         <load_address>0x11807660</load_address>
         <run_address>0x11807660</run_address>
         <size>0x20</size>
         <input_file_ref idref="fl-ca"/>
      </object_component>
      <object_component id="oc-243">
         <name>.text:__register_lock</name>
         <load_address>0x11807680</load_address>
         <run_address>0x11807680</run_address>
         <size>0x20</size>
         <input_file_ref idref="fl-c5"/>
      </object_component>
      <object_component id="oc-244">
         <name>.text:__register_unlock</name>
         <load_address>0x118076a0</load_address>
         <run_address>0x118076a0</run_address>
         <size>0x20</size>
         <input_file_ref idref="fl-c5"/>
      </object_component>
      <object_component id="oc-28e">
         <name>.text:_remove</name>
         <load_address>0x118076c0</load_address>
         <run_address>0x118076c0</run_address>
         <size>0x20</size>
         <input_file_ref idref="fl-ec"/>
      </object_component>
      <object_component id="oc-57">
         <name>.cinit</name>
         <load_address>0x1180ffc0</load_address>
         <run_address>0x1180ffc0</run_address>
         <size>0x60c</size>
         <input_file_ref idref="fl-4"/>
      </object_component>
      <object_component id="oc-72">
         <name>.cinit</name>
         <load_address>0x118105d0</load_address>
         <run_address>0x118105d0</run_address>
         <size>0x26c</size>
         <input_file_ref idref="fl-7c"/>
      </object_component>
      <object_component id="oc-124">
         <name>.cinit</name>
         <load_address>0x11810840</load_address>
         <run_address>0x11810840</run_address>
         <size>0x1a4</size>
         <input_file_ref idref="fl-a7"/>
      </object_component>
      <object_component id="oc-81">
         <name>.cinit</name>
         <load_address>0x118109e8</load_address>
         <run_address>0x118109e8</run_address>
         <size>0xb0</size>
         <input_file_ref idref="fl-80"/>
      </object_component>
      <object_component id="oc-15e">
         <name>.cinit</name>
         <load_address>0x11810a98</load_address>
         <run_address>0x11810a98</run_address>
         <size>0x80</size>
         <input_file_ref idref="fl-b7"/>
      </object_component>
      <object_component id="oc-10f">
         <name>.cinit</name>
         <load_address>0x11810b18</load_address>
         <run_address>0x11810b18</run_address>
         <size>0x68</size>
         <input_file_ref idref="fl-a3"/>
      </object_component>
      <object_component id="oc-174">
         <name>.cinit</name>
         <load_address>0x11810b80</load_address>
         <run_address>0x11810b80</run_address>
         <size>0x60</size>
         <input_file_ref idref="fl-bd"/>
      </object_component>
      <object_component id="oc-7b">
         <name>.cinit</name>
         <load_address>0x11810be0</load_address>
         <run_address>0x11810be0</run_address>
         <size>0x5c</size>
         <input_file_ref idref="fl-7f"/>
      </object_component>
      <object_component id="oc-1ab">
         <name>.cinit</name>
         <load_address>0x11810c40</load_address>
         <run_address>0x11810c40</run_address>
         <size>0x5c</size>
         <input_file_ref idref="fl-cb"/>
      </object_component>
      <object_component id="oc-1e9">
         <name>.cinit</name>
         <load_address>0x11810ca0</load_address>
         <run_address>0x11810ca0</run_address>
         <size>0x5c</size>
         <input_file_ref idref="fl-df"/>
      </object_component>
      <object_component id="oc-cf">
         <name>.cinit</name>
         <load_address>0x11810d00</load_address>
         <run_address>0x11810d00</run_address>
         <size>0x4c</size>
         <input_file_ref idref="fl-94"/>
      </object_component>
      <object_component id="oc-149">
         <name>.cinit</name>
         <load_address>0x11810d50</load_address>
         <run_address>0x11810d50</run_address>
         <size>0x4c</size>
         <input_file_ref idref="fl-b2"/>
      </object_component>
      <object_component id="oc-fa">
         <name>.cinit</name>
         <load_address>0x11810da0</load_address>
         <run_address>0x11810da0</run_address>
         <size>0x3c</size>
         <input_file_ref idref="fl-9e"/>
      </object_component>
      <object_component id="oc-af">
         <name>.cinit</name>
         <load_address>0x11810de0</load_address>
         <run_address>0x11810de0</run_address>
         <size>0x34</size>
         <input_file_ref idref="fl-8c"/>
      </object_component>
      <object_component id="oc-99">
         <name>.cinit</name>
         <load_address>0x11810e18</load_address>
         <run_address>0x11810e18</run_address>
         <size>0x2c</size>
         <input_file_ref idref="fl-86"/>
      </object_component>
      <object_component id="oc-1a0">
         <name>.cinit</name>
         <load_address>0x11810e48</load_address>
         <run_address>0x11810e48</run_address>
         <size>0x2c</size>
         <input_file_ref idref="fl-c8"/>
      </object_component>
      <object_component id="oc-140">
         <name>.cinit</name>
         <load_address>0x11810e78</load_address>
         <run_address>0x11810e78</run_address>
         <size>0x24</size>
         <input_file_ref idref="fl-b0"/>
      </object_component>
      <object_component id="oc-f3">
         <name>.cinit</name>
         <load_address>0x11810ea0</load_address>
         <run_address>0x11810ea0</run_address>
         <size>0x1c</size>
         <input_file_ref idref="fl-9d"/>
      </object_component>
      <object_component id="oc-16a">
         <name>.cinit</name>
         <load_address>0x11810ec0</load_address>
         <run_address>0x11810ec0</run_address>
         <size>0x1c</size>
         <input_file_ref idref="fl-ba"/>
      </object_component>
      <object_component id="oc-191">
         <name>.cinit</name>
         <load_address>0x11810ee0</load_address>
         <run_address>0x11810ee0</run_address>
         <size>0x1c</size>
         <input_file_ref idref="fl-c5"/>
      </object_component>
      <object_component id="oc-196">
         <name>.cinit</name>
         <load_address>0x11810f00</load_address>
         <run_address>0x11810f00</run_address>
         <size>0x1c</size>
         <input_file_ref idref="fl-c6"/>
      </object_component>
      <object_component id="oc-8c">
         <name>.cinit</name>
         <load_address>0x11810f20</load_address>
         <run_address>0x11810f20</run_address>
         <size>0x18</size>
         <input_file_ref idref="fl-83"/>
      </object_component>
      <object_component id="oc-b1">
         <name>.cinit</name>
         <load_address>0x11810f38</load_address>
         <run_address>0x11810f38</run_address>
         <size>0xc</size>
         <input_file_ref idref="fl-8d"/>
      </object_component>
      <object_component id="oc-be">
         <name>.cinit</name>
         <load_address>0x11810f48</load_address>
         <run_address>0x11810f48</run_address>
         <size>0xc</size>
         <input_file_ref idref="fl-90"/>
      </object_component>
      <object_component id="oc-202">
         <name>.cinit</name>
         <load_address>0x11810f58</load_address>
         <run_address>0x11810f58</run_address>
         <size>0xc</size>
         <input_file_ref idref="fl-e6"/>
      </object_component>
      <object_component id="oc-19b">
         <name>.cinit</name>
         <load_address>0x11810f68</load_address>
         <run_address>0x11810f68</run_address>
         <size>0xc</size>
         <input_file_ref idref="fl-c7"/>
      </object_component>
      <object_component id="oc-258">
         <name>.switch:_getRegisterBankAndBit</name>
         <load_address>0x11813c20</load_address>
         <run_address>0x11813c20</run_address>
         <size>0x24</size>
         <input_file_ref idref="fl-a2"/>
      </object_component>
      <object_component id="oc-256">
         <name>.switch:_convertDipToI2CGpio</name>
         <load_address>0x11813c44</load_address>
         <run_address>0x11813c44</run_address>
         <size>0x20</size>
         <input_file_ref idref="fl-9b"/>
      </object_component>
      <object_component id="oc-55">
         <name>.gblinit</name>
         <load_address>0x118137a4</load_address>
         <run_address>0x118137a4</run_address>
         <size>0x4c</size>
         <input_file_ref idref="fl-4"/>
      </object_component>
      <object_component id="oc-6a">
         <name>.sysinit</name>
         <load_address>0x1180d9c0</load_address>
         <run_address>0x1180d9c0</run_address>
         <size>0x380</size>
         <input_file_ref idref="fl-4"/>
      </object_component>
      <object_component id="oc-43">
         <name>.sysinit</name>
         <load_address>0x1180dd40</load_address>
         <run_address>0x1180dd40</run_address>
         <size>0xc0</size>
         <input_file_ref idref="fl-8a"/>
      </object_component>
      <object_component id="oc-224">
         <name>.sysinit</name>
         <load_address>0x1180de00</load_address>
         <run_address>0x1180de00</run_address>
         <size>0xc0</size>
         <input_file_ref idref="fl-af"/>
[...]
         <value>0x1180ae08</value>
         <object_component_ref idref="oc-12a"/>
      </symbol>
      <symbol id="sm-914">
         <name>_KNL_max</name>
         <value>0x1180ae30</value>
         <object_component_ref idref="oc-12a"/>
      </symbol>
      <symbol id="sm-924">
         <name>_KNL_post</name>
         <value>0x1180b2e0</value>
         <object_component_ref idref="oc-21c"/>
      </symbol>
      <symbol id="sm-930">
         <name>_KNL_ipost</name>
         <value>0x1180b260</value>
         <object_component_ref idref="oc-22f"/>
      </symbol>
      <symbol id="sm-948">
         <name>_KNL_run</name>
         <value>0x11809440</value>
         <object_component_ref idref="oc-220"/>
      </symbol>
      <symbol id="sm-96d">
         <name>_LED_isOn</name>
         <value>0x11804bec</value>
         <object_component_ref idref="oc-24d"/>
      </symbol>
      <symbol id="sm-96e">
         <name>_LED_toggle</name>
         <value>0x11804cec</value>
         <object_component_ref idref="oc-24d"/>
      </symbol>
      <symbol id="sm-96f">
         <name>_LED_turnOn</name>
         <value>0x11804c54</value>
         <object_component_ref idref="oc-24d"/>
      </symbol>
      <symbol id="sm-970">
         <name>_LED_turnOff</name>
         <value>0x11804ca4</value>
         <object_component_ref idref="oc-24d"/>
      </symbol>
      <symbol id="sm-971">
         <name>_LED_init</name>
         <value>0x11804ba0</value>
         <object_component_ref idref="oc-24d"/>
      </symbol>
      <symbol id="sm-975">
         <name>_MEM</name>
         <value>0x1181379c</value>
         <object_component_ref idref="oc-13b"/>
      </symbol>
      <symbol id="sm-981">
         <name>_MEM_init</name>
         <value>0x1180de00</value>
         <object_component_ref idref="oc-224"/>
      </symbol>
      <symbol id="sm-98d">
         <name>_OBJ_table</name>
         <value>0x11811758</value>
         <object_component_ref idref="oc-141"/>
      </symbol>
      <symbol id="sm-98e">
         <name>_OBJ_segtab</name>
         <value>0x11811790</value>
         <object_component_ref idref="oc-141"/>
      </symbol>
      <symbol id="sm-99a">
         <name>_RTDX_Buffer_ReadCB</name>
         <value>0x1180fea0</value>
         <object_component_ref idref="oc-246"/>
      </symbol>
      <symbol id="sm-99b">
         <name>RTDX_NORMALIZED_HDR</name>
         <value>0x1</value>
      </symbol>
      <symbol id="sm-99c">
         <name>_RTDX_Buffer_Read</name>
         <value>0x1180ff60</value>
         <object_component_ref idref="oc-229"/>
      </symbol>
      <symbol id="sm-9dc">
         <name>_rtdx_buffer_state</name>
         <value>0x11811d54</value>
         <object_component_ref idref="oc-14a"/>
      </symbol>
      <symbol id="sm-9dd">
         <name>_RTDX_Buffer_WriteCB</name>
         <value>0x1180f2a0</value>
         <object_component_ref idref="oc-247"/>
      </symbol>
      <symbol id="sm-9de">
         <name>_rtdxNullChanCnt</name>
         <value>0x11813760</value>
         <object_component_ref idref="oc-147"/>
      </symbol>
      <symbol id="sm-9df">
         <name>_RTDX_writing</name>
         <value>0x11811d60</value>
         <object_component_ref idref="oc-14a"/>
      </symbol>
      <symbol id="sm-9e0">
         <name>_RTDX_Buffer_Initialize</name>
         <value>0x1180fde0</value>
         <object_component_ref idref="oc-22c"/>
      </symbol>
      <symbol id="sm-9e1">
         <name>_RTDX_Buffer_Write</name>
         <value>0x1180ff80</value>
         <object_component_ref idref="oc-22a"/>
      </symbol>
      <symbol id="sm-9e2">
         <name>_rtdxNullFuncCnt</name>
         <value>0x11813764</value>
         <object_component_ref idref="oc-147"/>
      </symbol>
      <symbol id="sm-9e3">
         <name>_RTDX_Buffer_Size</name>
         <value>0x1180fee0</value>
         <object_component_ref idref="oc-251"/>
      </symbol>
      <symbol id="sm-9ed">
         <name>_RTDX_Mask_IER</name>
         <value>0x1180ffa0</value>
         <object_component_ref idref="oc-14f"/>
      </symbol>
      <symbol id="sm-9f8">
         <name>_RTDX_memfill</name>
         <value>0x1180ff20</value>
         <object_component_ref idref="oc-248"/>
      </symbol>
      <symbol id="sm-a00">
         <name>_STS_set</name>
         <value>0x1180b940</value>
         <object_component_ref idref="oc-155"/>
      </symbol>
      <symbol id="sm-a0d">
         <name>_SYS_abort</name>
         <value>0x1180b720</value>
         <object_component_ref idref="oc-241"/>
      </symbol>
      <symbol id="sm-a1c">
         <name>_TSK_timerSem</name>
         <value>0x11811734</value>
         <object_component_ref idref="oc-15f"/>
      </symbol>
      <symbol id="sm-a1d">
         <name>_TSK_nTasks</name>
         <value>0x11813778</value>
         <object_component_ref idref="oc-15c"/>
      </symbol>
      <symbol id="sm-a1e">
         <name>_TSK</name>
         <value>0x11813780</value>
         <object_component_ref idref="oc-15c"/>
      </symbol>
      <symbol id="sm-a1f">
         <name>_TSK_ATTRS</name>
         <value>0x118116f8</value>
         <object_component_ref idref="oc-15f"/>
      </symbol>
      <symbol id="sm-a20">
         <name>_TSK_pid</name>
         <value>0x1181377c</value>
         <object_component_ref idref="oc-15c"/>
      </symbol>
      <symbol id="sm-a21">
         <name>_TSK_config</name>
         <value>0x11811714</value>
         <object_component_ref idref="oc-15f"/>
      </symbol>
      <symbol id="sm-a32">
         <name>_TSK_exit</name>
         <value>0x1180a9a0</value>
         <object_component_ref idref="oc-222"/>
      </symbol>
      <symbol id="sm-a40">
         <name>_SYS_exit</name>
         <value>0x1180b1c0</value>
         <object_component_ref idref="oc-23f"/>
      </symbol>
      <symbol id="sm-a4c">
         <name>_SYS_exitStack</name>
         <value>0x11811800</value>
         <object_component_ref idref="oc-16b"/>
      </symbol>
      <symbol id="sm-a4d">
         <name>_SYS_exitStackPtr</name>
         <value>0x1181378c</value>
         <object_component_ref idref="oc-168"/>
      </symbol>
      <symbol id="sm-a4e">
         <name>_SYS_exitStackTop</name>
         <value>0x11813790</value>
         <object_component_ref idref="oc-168"/>
      </symbol>
      <symbol id="sm-a58">
         <name>_TSK_init</name>
         <value>0x1180dec0</value>
         <object_component_ref idref="oc-226"/>
      </symbol>
      <symbol id="sm-a6c">
         <name>_TSK_setup</name>
         <value>0x1180a3a0</value>
         <object_component_ref idref="oc-227"/>
      </symbol>
      <symbol id="sm-a8c">
         <name>__MEM_mutex</name>
         <value>0x118117d4</value>
         <object_component_ref idref="oc-175"/>
      </symbol>
      <symbol id="sm-a8d">
         <name>__TSK_mutex</name>
         <value>0x118117ac</value>
         <object_component_ref idref="oc-175"/>
      </symbol>
      <symbol id="sm-a8e">
         <name>_TSK_startup</name>
         <value>0x1180af04</value>
         <object_component_ref idref="oc-228"/>
      </symbol>
      <symbol id="sm-a9b">
         <name>_LCK_pend</name>
         <value>0x1180b380</value>
         <object_component_ref idref="oc-242"/>
      </symbol>
      <symbol id="sm-a9c">
         <name>_LCK_post</name>
         <value>0x1180b360</value>
         <object_component_ref idref="oc-242"/>
      </symbol>
      <symbol id="sm-aa5">
         <name>_SEM_pend</name>
         <value>0x1180b660</value>
         <object_component_ref idref="oc-17c"/>
      </symbol>
      <symbol id="sm-ab9">
         <name>_SEM_pendEnterKnl</name>
         <value>0x1180a020</value>
         <object_component_ref idref="oc-22e"/>
      </symbol>
      <symbol id="sm-ac5">
         <name>_SEM_postBinary</name>
         <value>0x1180af80</value>
         <object_component_ref idref="oc-183"/>
      </symbol>
      <symbol id="sm-ac6">
         <name>_SEM_post</name>
         <value>0x1180af80</value>
         <object_component_ref idref="oc-183"/>
      </symbol>
      <symbol id="sm-ad5">
         <name>_SEM_postEnterKnl</name>
         <value>0x1180b120</value>
         <object_component_ref idref="oc-230"/>
      </symbol>
      <symbol id="sm-ae7">
         <name>__SEM_dopost</name>
         <value>0x1180a200</value>
         <object_component_ref idref="oc-22d"/>
      </symbol>
      <symbol id="sm-afa">
         <name>__auto_init</name>
         <value>0x1180a860</value>
         <object_component_ref idref="oc-21a"/>
      </symbol>
      <symbol id="sm-b0c">
         <name>__unlock</name>
         <value>0x11811874</value>
         <object_component_ref idref="oc-192"/>
      </symbol>
      <symbol id="sm-b0d">
         <name>__lock</name>
         <value>0x11811870</value>
         <object_component_ref idref="oc-192"/>
      </symbol>
      <symbol id="sm-b0e">
         <name>__register_lock</name>
         <value>0x11807680</value>
         <object_component_ref idref="oc-243"/>
      </symbol>
      <symbol id="sm-b0f">
         <name>__nop</name>
         <value>0x11807620</value>
         <object_component_ref idref="oc-231"/>
      </symbol>
      <symbol id="sm-b10">
         <name>__register_unlock</name>
         <value>0x118076a0</value>
         <object_component_ref idref="oc-244"/>
      </symbol>
      <symbol id="sm-b24">
         <name>_atexit</name>
         <value>0x11806700</value>
         <object_component_ref idref="oc-249"/>
      </symbol>
      <symbol id="sm-b25">
         <name>___atexit_func_id__</name>
         <value>0x118112a8</value>
         <object_component_ref idref="oc-197"/>
      </symbol>
      <symbol id="sm-b3d">
         <name>_dtors</name>
         <value>0x11811754</value>
         <object_component_ref idref="oc-19c"/>
      </symbol>
      <symbol id="sm-b3e">
         <name>_call_dtors</name>
         <value>0x11805d20</value>
         <object_component_ref idref="oc-25a"/>
      </symbol>
      <symbol id="sm-b3f">
         <name>___add_dtor</name>
         <value>0x11807480</value>
         <object_component_ref idref="oc-254"/>
      </symbol>
      <symbol id="sm-b4b">
         <name>___TI_enable_exit_profile_output</name>
         <value>0x1181186c</value>
         <object_component_ref idref="oc-1a1"/>
      </symbol>
      <symbol id="sm-b4c">
         <name>__cleanup_ptr</name>
         <value>0x11811864</value>
         <object_component_ref idref="oc-1a1"/>
      </symbol>
      <symbol id="sm-b4d">
         <name>__dtors_ptr</name>
         <value>0x11811868</value>
         <object_component_ref idref="oc-1a1"/>
      </symbol>
      <symbol id="sm-b55">
         <name>_memcpy</name>
         <value>0x11806fe0</value>
         <object_component_ref idref="oc-239"/>
      </symbol>
      <symbol id="sm-b67">
         <name>_printf</name>
         <value>0x11807180</value>
         <object_component_ref idref="oc-257"/>
      </symbol>
      <symbol id="sm-b71">
         <name>__tmpnams</name>
         <value>0x11811160</value>
         <object_component_ref idref="oc-1ac"/>
      </symbol>
      <symbol id="sm-b72">
         <name>__ft_end</name>
         <value>0x118112a0</value>
         <object_component_ref idref="oc-1ac"/>
      </symbol>
      <symbol id="sm-b73">
         <name>__ftable</name>
         <value>0x11810f80</value>
         <object_component_ref idref="oc-1ac"/>
      </symbol>
      <symbol id="sm-c80">
         <name>__printfi</name>
         <value>0x11802780</value>
         <object_component_ref idref="oc-25d"/>
      </symbol>
      <symbol id="sm-c8a">
         <name>___isinf</name>
         <value>0x118074c0</value>
         <object_component_ref idref="oc-270"/>
      </symbol>
      <symbol id="sm-c9c">
         <name>__divd</name>
         <value>0x11801240</value>
         <object_component_ref idref="oc-27f"/>
      </symbol>
      <symbol id="sm-ca5">
         <name>__c6xabi_divu</name>
         <value>0x11806580</value>
         <object_component_ref idref="oc-289"/>
      </symbol>
      <symbol id="sm-ca6">
         <name>__divu</name>
         <value>0x11806580</value>
         <object_component_ref idref="oc-289"/>
      </symbol>
      <symbol id="sm-cb6">
         <name>__divul</name>
         <value>0x11804f40</value>
         <object_component_ref idref="oc-28a"/>
      </symbol>
      <symbol id="sm-cb7">
         <name>__remli</name>
         <value>0x118075c0</value>
         <object_component_ref idref="oc-28f"/>
      </symbol>
      <symbol id="sm-cb8">
         <name>__divli</name>
         <value>0x11806c20</value>
         <object_component_ref idref="oc-290"/>
      </symbol>
      <symbol id="sm-ccc">
         <name>__subcull</name>
         <value>0x11807300</value>
         <object_component_ref idref="oc-292"/>
      </symbol>
      <symbol id="sm-ccd">
         <name>__divull</name>
         <value>0x11804080</value>
         <object_component_ref idref="oc-28b"/>
      </symbol>
      <symbol id="sm-cda">
         <name>__fixdli</name>
         <value>0x11806e00</value>
         <object_component_ref idref="oc-284"/>
      </symbol>
      <symbol id="sm-ce5">
         <name>__fltlid</name>
         <value>0x11807080</value>
         <object_component_ref idref="oc-286"/>
      </symbol>
      <symbol id="sm-cef">
         <name>__frcmpyd_div</name>
         <value>0x11807540</value>
         <object_component_ref idref="oc-288"/>
      </symbol>
      <symbol id="sm-cfd">
         <name>__llshl</name>
         <value>0x11807100</value>
         <object_component_ref idref="oc-291"/>
      </symbol>
      <symbol id="sm-cfe">
         <name>__llshru</name>
         <value>0x11807580</value>
         <object_component_ref idref="oc-287"/>
      </symbol>
      <symbol id="sm-d08">
         <name>__negll</name>
         <value>0x11807600</value>
         <object_component_ref idref="oc-275"/>
      </symbol>
      <symbol id="sm-d16">
         <name>_atoi</name>
         <value>0x11805fe0</value>
         <object_component_ref idref="oc-268"/>
      </symbol>
      <symbol id="sm-d1e">
         <name>__ctypes_</name>
         <value>0x11812998</value>
         <object_component_ref idref="oc-26e"/>
      </symbol>
      <symbol id="sm-d30">
         <name>_putc</name>
         <value>0x11805680</value>
         <object_component_ref idref="oc-25f"/>
      </symbol>
      <symbol id="sm-d31">
         <name>_fputc</name>
         <value>0x11805680</value>
         <object_component_ref idref="oc-25f"/>
      </symbol>
      <symbol id="sm-d3e">
         <name>__doflush</name>
         <value>0x11806640</value>
         <object_component_ref idref="oc-265"/>
      </symbol>
      <symbol id="sm-d4d">
         <name>__wrt_ok</name>
         <value>0x11805c20</value>
         <object_component_ref idref="oc-264"/>
      </symbol>
      <symbol id="sm-d67">
         <name>_fputs</name>
         <value>0x118032c0</value>
         <object_component_ref idref="oc-25e"/>
      </symbol>
      <symbol id="sm-d74">
         <name>_fseek</name>
         <value>0x118067c0</value>
         <object_component_ref idref="oc-26c"/>
      </symbol>
      <symbol id="sm-dba">
         <name>_unlink</name>
         <value>0x11807280</value>
         <object_component_ref idref="oc-293"/>
      </symbol>
      <symbol id="sm-dbb">
         <name>_lseek</name>
         <value>0x11806880</value>
         <object_component_ref idref="oc-277"/>
      </symbol>
      <symbol id="sm-dbc">
         <name>_close</name>
         <value>0x118060c0</value>
         <object_component_ref idref="oc-28d"/>
      </symbol>
      <symbol id="sm-dbd">
         <name>_write</name>
         <value>0x11806a00</value>
         <object_component_ref idref="oc-266"/>
      </symbol>
      <symbol id="sm-de7">
         <name>_HOSTopen</name>
         <value>0x11805e20</value>
         <object_component_ref idref="oc-232"/>
      </symbol>
      <symbol id="sm-de8">
         <name>_HOSTread</name>
         <value>0x11805f00</value>
         <object_component_ref idref="oc-234"/>
      </symbol>
      <symbol id="sm-de9">
         <name>_HOSTrename</name>
         <value>0x118050e0</value>
         <object_component_ref idref="oc-238"/>
      </symbol>
      <symbol id="sm-dea">
         <name>_HOSTwrite</name>
         <value>0x11806340</value>
         <object_component_ref idref="oc-235"/>
      </symbol>
      <symbol id="sm-deb">
         <name>_HOSTlseek</name>
         <value>0x11805a20</value>
         <object_component_ref idref="oc-236"/>
      </symbol>
      <symbol id="sm-dec">
         <name>_HOSTunlink</name>
         <value>0x11806280</value>
         <object_component_ref idref="oc-237"/>
      </symbol>
      <symbol id="sm-ded">
         <name>_HOSTclose</name>
         <value>0x11806b80</value>
         <object_component_ref idref="oc-233"/>
      </symbol>
      <symbol id="sm-dfa">
         <name>_ltoa</name>
         <value>0x11806940</value>
         <object_component_ref idref="oc-285"/>
      </symbol>
      <symbol id="sm-e07">
         <name>_memccpy</name>
         <value>0x11807360</value>
         <object_component_ref idref="oc-26b"/>
      </symbol>
      <symbol id="sm-e12">
         <name>_memset</name>
         <value>0x118061a0</value>
         <object_component_ref idref="oc-267"/>
      </symbol>
      <symbol id="sm-e22">
         <name>C$$IO$$</name>
         <value>0x11807418</value>
         <object_component_ref idref="oc-24a"/>
      </symbol>
      <symbol id="sm-e23">
         <name>__CIOBUF_</name>
         <value>0x11813a00</value>
         <object_component_ref idref="oc-1fb"/>
      </symbol>
      <symbol id="sm-e24">
         <name>_readmsg</name>
         <value>0x11807200</value>
         <object_component_ref idref="oc-24b"/>
      </symbol>
      <symbol id="sm-e25">
         <name>_writemsg</name>
         <value>0x118073c0</value>
         <object_component_ref idref="oc-24a"/>
      </symbol>
      <symbol id="sm-e36">
         <name>_setvbuf</name>
         <value>0x11805260</value>
         <object_component_ref idref="oc-26d"/>
      </symbol>
      <symbol id="sm-e4b">
         <name>__cleanup</name>
         <value>0x11806400</value>
         <object_component_ref idref="oc-279"/>
      </symbol>
      <symbol id="sm-e5d">
         <name>_fclose</name>
         <value>0x11805900</value>
         <object_component_ref idref="oc-283"/>
      </symbol>
      <symbol id="sm-e79">
         <name>_free</name>
         <value>0x11808f40</value>
         <object_component_ref idref="oc-278"/>
      </symbol>
      <symbol id="sm-e7a">
         <name>_calloc</name>
         <value>0x1180916c</value>
         <object_component_ref idref="oc-278"/>
      </symbol>
      <symbol id="sm-e7b">
         <name>_memalign</name>
         <value>0x118090a8</value>
         <object_component_ref idref="oc-278"/>
      </symbol>
      <symbol id="sm-e7c">
         <name>_realloc</name>
         <value>0x11808fc4</value>
         <object_component_ref idref="oc-278"/>
      </symbol>
      <symbol id="sm-e7d">
         <name>_malloc</name>
         <value>0x11808f64</value>
         <object_component_ref idref="oc-278"/>
      </symbol>
      <symbol id="sm-e94">
         <name>_MEM_alloc</name>
         <value>0x11809680</value>
         <object_component_ref idref="oc-282"/>
      </symbol>
      <symbol id="sm-ea6">
         <name>_MEM_free</name>
         <value>0x11809a80</value>
         <object_component_ref idref="oc-281"/>
      </symbol>
      <symbol id="sm-eb1">
         <name>_SYS_error</name>
         <value>0x1180b4e0</value>
         <object_component_ref idref="oc-28c"/>
      </symbol>
      <symbol id="sm-ebb">
         <name>_remove</name>
         <value>0x118076c0</value>
         <object_component_ref idref="oc-28e"/>
      </symbol>
   </symbol_table>
</link_info>
